<html>
<body>
<pre>
<h1>µVision Build Log</h1>
<h2>Tool Versions:</h2>
IDE-Version: ¦ÌVision V5.42.0.0
Copyright (C) 2025 ARM Ltd and ARM Germany GmbH. All rights reserved.
License Information: 1212 15034745502@163.com, 111, LIC=14HV2-973CY-UHJ8H-W8KNF-Q86H0-ENFNS
 
Tool Versions:
Toolchain:       MDK-ARM Plus  Version: 5.42.0.0
Toolchain Path:  C:\Users\15034\AppData\Local\Keil_v5\ARM\ARMCLANG\Bin
C Compiler:      ArmClang.exe V6.23
Assembler:       Armasm.exe V6.23
Linker/Locator:  ArmLink.exe V6.23
Library Manager: ArmAr.exe V6.23
Hex Converter:   FromElf.exe V6.23
CPU DLL:         SARMCM3.DLL V5.42.0.0
Dialog DLL:      DCM.DLL V1.17.5.0
Target DLL:      CMSIS_AGDI.dll V1.33.22.0
Dialog DLL:      TCM.DLL V1.56.6.0
 
<h2>Project:</h2>
C:\Users\15034\Desktop\stm32- (3)\car1.1\car1.0\car1.0\stm32- (2)\stm32-\MDK-ARM\stm32-.uvprojx
Project File Date:  04/20/2025

<h2>Output:</h2>
*** Using Compiler 'V6.23', folder: 'C:\Users\15034\AppData\Local\Keil_v5\ARM\ARMCLANG\Bin'
Build target 'stm32-'
assembling startup_stm32f407xx.s...
compiling usart.c...
compiling rtc.c...
compiling gpio.c...
compiling stm32f4xx_it.c...
compiling i2c.c...
compiling spi.c...
compiling stm32f4xx_hal_msp.c...
compiling main.c...
compiling stm32f4xx_hal_i2c_ex.c...
compiling tim.c...
compiling stm32f4xx_hal_flash_ramfunc.c...
compiling stm32f4xx_hal_rcc_ex.c...
compiling stm32f4xx_hal_flash.c...
compiling stm32f4xx_hal_flash_ex.c...
compiling stm32f4xx_hal_rcc.c...
compiling stm32f4xx_hal_gpio.c...
compiling stm32f4xx_hal_pwr_ex.c...
compiling stm32f4xx_hal_pwr.c...
compiling stm32f4xx_hal_dma_ex.c...
compiling stm32f4xx_hal_dma.c...
compiling stm32f4xx_hal.c...
compiling stm32f4xx_hal_exti.c...
compiling stm32f4xx_hal_cortex.c...
compiling system_stm32f4xx.c...
compiling stm32f4xx_hal_rtc.c...
compiling stm32f4xx_hal_rtc_ex.c...
compiling stm32f4xx_hal_i2c.c...
compiling MPU6050.c...
compiling bsp_motor.c...
compiling encode_motor.c...
compiling stm32f4xx_hal_tim_ex.c...
compiling bsp_encode.c...
compiling oledfont.c...
compiling positional_pid.c...
compiling stm32f4xx_hal_spi.c...
compiling print.c...
compiling soft_timer.c...
compiling stm32f4xx_hal_uart.c...
compiling FusionOffset.c...
compiling FusionCompass.c...
compiling FusionAhrs.c...
compiling upacker.c...
compiling oled.c...
compiling APP_uart.c...
compiling APP_PID.c...
compiling stm32f4xx_hal_tim.c...
compiling task.c...
compiling APP_beep_led_key.c...
compiling app_car_control.c...
linking...
Program Size: Code=23324 RO-data=2528 RW-data=40 ZI-data=2552  
FromELF: creating hex file...
"stm32-\stm32-.axf" - 0 Error(s), 0 Warning(s).

<h2>Software Packages used:</h2>

Package Vendor: ARM
                https://www.keil.com/pack/ARM.CMSIS.6.1.0.pack
                ARM::CMSIS@6.1.0
                CMSIS (Common Microcontroller Software Interface Standard)
   * Component: CORE Version: 6.1.0

Package Vendor: Keil
                https://www.keil.com/pack/Keil.STM32F4xx_DFP.3.0.0.pack
                Keil::STM32F4xx_DFP@3.0.0
                STMicroelectronics STM32F4 Series Device Support

<h2>Collection of Component include folders:</h2>
  ./RTE/_stm32-
  C:/Users/15034/AppData/Local/Arm/Packs/ARM/CMSIS/6.1.0/CMSIS/Core/Include

<h2>Collection of Component Files used:</h2>

   * Component: ARM::CMSIS:CORE@6.1.0
      Include file:  CMSIS/Core/Include/tz_context.h
Build Time Elapsed:  00:00:02
</pre>
</body>
</html>
