Component: Arm Compiler for Embedded 6.23 Tool: armlink [5f102400]

==============================================================================

Section Cross References

    startup_stm32f407xx.o(RESET) refers to startup_stm32f407xx.o(STACK) for __initial_sp
    startup_stm32f407xx.o(RESET) refers to startup_stm32f407xx.o(.text) for Reset_Handler
    startup_stm32f407xx.o(RESET) refers to stm32f4xx_it.o(.text.NMI_Handler) for NMI_Handler
    startup_stm32f407xx.o(RESET) refers to stm32f4xx_it.o(.text.HardFault_Handler) for HardFault_Handler
    startup_stm32f407xx.o(RESET) refers to stm32f4xx_it.o(.text.MemManage_Handler) for MemManage_Handler
    startup_stm32f407xx.o(RESET) refers to stm32f4xx_it.o(.text.BusFault_Handler) for BusFault_Handler
    startup_stm32f407xx.o(RESET) refers to stm32f4xx_it.o(.text.UsageFault_Handler) for UsageFault_Handler
    startup_stm32f407xx.o(RESET) refers to stm32f4xx_it.o(.text.SVC_Handler) for SVC_Handler
    startup_stm32f407xx.o(RESET) refers to stm32f4xx_it.o(.text.DebugMon_Handler) for DebugMon_Handler
    startup_stm32f407xx.o(RESET) refers to stm32f4xx_it.o(.text.PendSV_Handler) for PendSV_Handler
    startup_stm32f407xx.o(RESET) refers to stm32f4xx_it.o(.text.SysTick_Handler) for SysTick_Handler
    startup_stm32f407xx.o(RESET) refers to stm32f4xx_it.o(.text.USART1_IRQHandler) for USART1_IRQHandler
    startup_stm32f407xx.o(RESET) refers to stm32f4xx_it.o(.text.USART3_IRQHandler) for USART3_IRQHandler
    startup_stm32f407xx.o(RESET) refers to stm32f4xx_it.o(.text.TIM8_BRK_TIM12_IRQHandler) for TIM8_BRK_TIM12_IRQHandler
    startup_stm32f407xx.o(RESET) refers to stm32f4xx_it.o(.text.UART5_IRQHandler) for UART5_IRQHandler
    startup_stm32f407xx.o(.text) refers to system_stm32f4xx.o(.text.SystemInit) for SystemInit
    startup_stm32f407xx.o(.text) refers to entry.o(.ARM.Collect$$$$00000000) for __main
    main.o(.text.main) refers to stm32f4xx_hal.o(.text.HAL_Init) for HAL_Init
    main.o(.text.main) refers to main.o(.text.SystemClock_Config) for SystemClock_Config
    main.o(.text.main) refers to gpio.o(.text.MX_GPIO_Init) for MX_GPIO_Init
    main.o(.text.main) refers to usart.o(.text.MX_USART1_UART_Init) for MX_USART1_UART_Init
    main.o(.text.main) refers to tim.o(.text.MX_TIM12_Init) for MX_TIM12_Init
    main.o(.text.main) refers to tim.o(.text.MX_TIM1_Init) for MX_TIM1_Init
    main.o(.text.main) refers to i2c.o(.text.MX_I2C2_Init) for MX_I2C2_Init
    main.o(.text.main) refers to tim.o(.text.MX_TIM9_Init) for MX_TIM9_Init
    main.o(.text.main) refers to rtc.o(.text.MX_RTC_Init) for MX_RTC_Init
    main.o(.text.main) refers to i2c.o(.text.MX_I2C1_Init) for MX_I2C1_Init
    main.o(.text.main) refers to tim.o(.text.MX_TIM4_Init) for MX_TIM4_Init
    main.o(.text.main) refers to spi.o(.text.MX_SPI2_Init) for MX_SPI2_Init
    main.o(.text.main) refers to tim.o(.text.MX_TIM3_Init) for MX_TIM3_Init
    main.o(.text.main) refers to usart.o(.text.MX_UART5_Init) for MX_UART5_Init
    main.o(.text.main) refers to usart.o(.text.MX_USART3_UART_Init) for MX_USART3_UART_Init
    main.o(.text.main) refers to task.o(.text.Loop) for Loop
    main.o(.ARM.exidx.text.main) refers to main.o(.text.main) for [Anonymous Symbol]
    main.o(.text.SystemClock_Config) refers to memseta.o(.text) for __aeabi_memclr4
    main.o(.text.SystemClock_Config) refers to stm32f4xx_hal_rcc.o(.text.HAL_RCC_OscConfig) for HAL_RCC_OscConfig
    main.o(.text.SystemClock_Config) refers to stm32f4xx_hal_rcc.o(.text.HAL_RCC_ClockConfig) for HAL_RCC_ClockConfig
    main.o(.ARM.exidx.text.SystemClock_Config) refers to main.o(.text.SystemClock_Config) for [Anonymous Symbol]
    main.o(.ARM.exidx.text.Error_Handler) refers to main.o(.text.Error_Handler) for [Anonymous Symbol]
    gpio.o(.text.MX_GPIO_Init) refers to stm32f4xx_hal_gpio.o(.text.HAL_GPIO_WritePin) for HAL_GPIO_WritePin
    gpio.o(.text.MX_GPIO_Init) refers to stm32f4xx_hal_gpio.o(.text.HAL_GPIO_Init) for HAL_GPIO_Init
    gpio.o(.ARM.exidx.text.MX_GPIO_Init) refers to gpio.o(.text.MX_GPIO_Init) for [Anonymous Symbol]
    i2c.o(.text.MX_I2C1_Init) refers to i2c.o(.bss.hi2c1) for hi2c1
    i2c.o(.text.MX_I2C1_Init) refers to stm32f4xx_hal_i2c.o(.text.HAL_I2C_Init) for HAL_I2C_Init
    i2c.o(.text.MX_I2C1_Init) refers to main.o(.text.Error_Handler) for Error_Handler
    i2c.o(.ARM.exidx.text.MX_I2C1_Init) refers to i2c.o(.text.MX_I2C1_Init) for [Anonymous Symbol]
    i2c.o(.text.MX_I2C2_Init) refers to i2c.o(.bss.hi2c2) for hi2c2
    i2c.o(.text.MX_I2C2_Init) refers to stm32f4xx_hal_i2c.o(.text.HAL_I2C_Init) for HAL_I2C_Init
    i2c.o(.text.MX_I2C2_Init) refers to main.o(.text.Error_Handler) for Error_Handler
    i2c.o(.ARM.exidx.text.MX_I2C2_Init) refers to i2c.o(.text.MX_I2C2_Init) for [Anonymous Symbol]
    i2c.o(.text.HAL_I2C_MspInit) refers to stm32f4xx_hal_gpio.o(.text.HAL_GPIO_Init) for HAL_GPIO_Init
    i2c.o(.ARM.exidx.text.HAL_I2C_MspInit) refers to i2c.o(.text.HAL_I2C_MspInit) for [Anonymous Symbol]
[...]
    stm32f4xx_hal_dma.c                      0x00000000   Number         0  stm32f4xx_hal_dma.o ABSOLUTE
    stm32f4xx_hal_dma_ex.c                   0x00000000   Number         0  stm32f4xx_hal_dma_ex.o ABSOLUTE
    stm32f4xx_hal_exti.c                     0x00000000   Number         0  stm32f4xx_hal_exti.o ABSOLUTE
    stm32f4xx_hal_flash.c                    0x00000000   Number         0  stm32f4xx_hal_flash.o ABSOLUTE
    stm32f4xx_hal_flash_ex.c                 0x00000000   Number         0  stm32f4xx_hal_flash_ex.o ABSOLUTE
    stm32f4xx_hal_flash_ramfunc.c            0x00000000   Number         0  stm32f4xx_hal_flash_ramfunc.o ABSOLUTE
    stm32f4xx_hal_gpio.c                     0x00000000   Number         0  stm32f4xx_hal_gpio.o ABSOLUTE
    stm32f4xx_hal_i2c.c                      0x00000000   Number         0  stm32f4xx_hal_i2c.o ABSOLUTE
    stm32f4xx_hal_i2c_ex.c                   0x00000000   Number         0  stm32f4xx_hal_i2c_ex.o ABSOLUTE
    stm32f4xx_hal_msp.c                      0x00000000   Number         0  stm32f4xx_hal_msp.o ABSOLUTE
    stm32f4xx_hal_pwr.c                      0x00000000   Number         0  stm32f4xx_hal_pwr.o ABSOLUTE
    stm32f4xx_hal_pwr_ex.c                   0x00000000   Number         0  stm32f4xx_hal_pwr_ex.o ABSOLUTE
    stm32f4xx_hal_rcc.c                      0x00000000   Number         0  stm32f4xx_hal_rcc.o ABSOLUTE
    stm32f4xx_hal_rcc_ex.c                   0x00000000   Number         0  stm32f4xx_hal_rcc_ex.o ABSOLUTE
    stm32f4xx_hal_rtc.c                      0x00000000   Number         0  stm32f4xx_hal_rtc.o ABSOLUTE
    stm32f4xx_hal_rtc_ex.c                   0x00000000   Number         0  stm32f4xx_hal_rtc_ex.o ABSOLUTE
    stm32f4xx_hal_spi.c                      0x00000000   Number         0  stm32f4xx_hal_spi.o ABSOLUTE
    stm32f4xx_hal_tim.c                      0x00000000   Number         0  stm32f4xx_hal_tim.o ABSOLUTE
    stm32f4xx_hal_tim_ex.c                   0x00000000   Number         0  stm32f4xx_hal_tim_ex.o ABSOLUTE
    stm32f4xx_hal_uart.c                     0x00000000   Number         0  stm32f4xx_hal_uart.o ABSOLUTE
    stm32f4xx_it.c                           0x00000000   Number         0  stm32f4xx_it.o ABSOLUTE
    system_stm32f4xx.c                       0x00000000   Number         0  system_stm32f4xx.o ABSOLUTE
    task.c                                   0x00000000   Number         0  task.o ABSOLUTE
    tim.c                                    0x00000000   Number         0  tim.o ABSOLUTE
    upacker.c                                0x00000000   Number         0  upacker.o ABSOLUTE
    usart.c                                  0x00000000   Number         0  usart.o ABSOLUTE
    RESET                                    0x08000000   Section      392  startup_stm32f407xx.o(RESET)
    .ARM.Collect$$$$00000000                 0x08000188   Section        0  entry.o(.ARM.Collect$$$$00000000)
    .ARM.Collect$$$$00000001                 0x08000188   Section        4  entry2.o(.ARM.Collect$$$$00000001)
    .ARM.Collect$$$$00000004                 0x0800018c   Section        4  entry5.o(.ARM.Collect$$$$00000004)
    .ARM.Collect$$$$00000008                 0x08000190   Section        0  entry7b.o(.ARM.Collect$$$$00000008)
    .ARM.Collect$$$$0000000A                 0x08000190   Section        0  entry8b.o(.ARM.Collect$$$$0000000A)
    .ARM.Collect$$$$0000000B                 0x08000190   Section        8  entry9a.o(.ARM.Collect$$$$0000000B)
    __lit__00000000                          0x08000198   Data           4  entry2.o(.ARM.Collect$$$$00002712)
    .ARM.Collect$$$$0000000D                 0x08000198   Section        0  entry10a.o(.ARM.Collect$$$$0000000D)
    .ARM.Collect$$$$0000000F                 0x08000198   Section        0  entry11a.o(.ARM.Collect$$$$0000000F)
    .ARM.Collect$$$$00002712                 0x08000198   Section        4  entry2.o(.ARM.Collect$$$$00002712)
    $v0                                      0x0800019c   Number         0  startup_stm32f407xx.o(.text)
    .text                                    0x0800019c   Section       36  startup_stm32f407xx.o(.text)
    .text                                    0x080001c0   Section        0  uldiv.o(.text)
    .text                                    0x08000222   Section        0  memseta.o(.text)
    .text                                    0x08000246   Section        0  dadd.o(.text)
    .text                                    0x08000394   Section        0  dmul.o(.text)
    .text                                    0x08000478   Section        0  f2d.o(.text)
    .text                                    0x0800049e   Section        0  d2f.o(.text)
    .text                                    0x080004d6   Section        0  llshl.o(.text)
    .text                                    0x080004f4   Section        0  llushr.o(.text)
    .text                                    0x08000514   Section        0  llsshr.o(.text)
    .text                                    0x08000538   Section        0  iusefp.o(.text)
    .text                                    0x08000538   Section        0  fepilogue.o(.text)
    .text                                    0x080005a6   Section        0  depilogue.o(.text)
    .text                                    0x08000660   Section       48  init.o(.text)
    [Anonymous Symbol]                       0x08000690   Section        0  app_beep_led_key.o(.text.APP_Scan_Key)
    [Anonymous Symbol]                       0x08000824   Section        0  app_car_control.o(.text.APP_car_control_)
    [Anonymous Symbol]                       0x080008cc   Section        0  stm32f4xx_it.o(.text.BusFault_Handler)
    [Anonymous Symbol]                       0x080008d0   Section        0  stm32f4xx_it.o(.text.DebugMon_Handler)
    [Anonymous Symbol]                       0x080008d4   Section        0  main.o(.text.Error_Handler)
    [Anonymous Symbol]                       0x080008dc   Section        0  fusionahrs.o(.text.FusionAhrsInitialise)
    [Anonymous Symbol]                       0x08000944   Section        0  stm32f4xx_hal_dma.o(.text.HAL_DMA_Abort)
    [Anonymous Symbol]                       0x080009d4   Section        0  stm32f4xx_hal_dma.o(.text.HAL_DMA_Abort_IT)
    [Anonymous Symbol]                       0x080009f8   Section        0  stm32f4xx_hal.o(.text.HAL_Delay)
    [Anonymous Symbol]                       0x08000a20   Section        0  stm32f4xx_hal_gpio.o(.text.HAL_GPIO_Init)
    [Anonymous Symbol]                       0x08000bc0   Section        0  stm32f4xx_hal_gpio.o(.text.HAL_GPIO_ReadPin)
    [Anonymous Symbol]                       0x08000bcc   Section        0  stm32f4xx_hal_gpio.o(.text.HAL_GPIO_WritePin)
    [Anonymous Symbol]                       0x08000bd8   Section        0  stm32f4xx_hal.o(.text.HAL_GetTick)
    [Anonymous Symbol]                       0x08000be4   Section        0  stm32f4xx_hal_i2c.o(.text.HAL_I2C_Init)
    [Anonymous Symbol]                       0x08000d48   Section        0  stm32f4xx_hal_i2c.o(.text.HAL_I2C_Mem_Write)
    [Anonymous Symbol]                       0x08000ea4   Section        0  i2c.o(.text.HAL_I2C_MspInit)
    [Anonymous Symbol]                       0x08000f78   Section        0  stm32f4xx_hal.o(.text.HAL_IncTick)
    [Anonymous Symbol]                       0x08000f94   Section        0  stm32f4xx_hal.o(.text.HAL_Init)
    [Anonymous Symbol]                       0x08000fcc   Section        0  stm32f4xx_hal.o(.text.HAL_InitTick)
    [Anonymous Symbol]                       0x08001014   Section        0  stm32f4xx_hal_msp.o(.text.HAL_MspInit)
    [Anonymous Symbol]                       0x0800104c   Section        0  stm32f4xx_hal_cortex.o(.text.HAL_NVIC_EnableIRQ)
    [Anonymous Symbol]                       0x08001070   Section        0  stm32f4xx_hal_cortex.o(.text.HAL_NVIC_SetPriority)
    [Anonymous Symbol]                       0x080010c8   Section        0  stm32f4xx_hal_cortex.o(.text.HAL_NVIC_SetPriorityGrouping)
    [Anonymous Symbol]                       0x080010e8   Section        0  stm32f4xx_hal_rcc_ex.o(.text.HAL_RCCEx_PeriphCLKConfig)
    [Anonymous Symbol]                       0x08001234   Section        0  stm32f4xx_hal_rcc.o(.text.HAL_RCC_ClockConfig)
    [Anonymous Symbol]                       0x08001398   Section        0  stm32f4xx_hal_rcc.o(.text.HAL_RCC_GetPCLK1Freq)
    [Anonymous Symbol]                       0x080013c0   Section        0  stm32f4xx_hal_rcc.o(.text.HAL_RCC_GetPCLK2Freq)
    [Anonymous Symbol]                       0x080013e8   Section        0  stm32f4xx_hal_rcc.o(.text.HAL_RCC_GetSysClockFreq)
    [Anonymous Symbol]                       0x08001458   Section        0  stm32f4xx_hal_rcc.o(.text.HAL_RCC_OscConfig)
    [Anonymous Symbol]                       0x08001804   Section        0  stm32f4xx_hal_rtc_ex.o(.text.HAL_RTCEx_SetWakeUpTimer)
    [Anonymous Symbol]                       0x080018b0   Section        0  stm32f4xx_hal_rtc.o(.text.HAL_RTC_Init)
    [Anonymous Symbol]                       0x080019ac   Section        0  rtc.o(.text.HAL_RTC_MspInit)
    [Anonymous Symbol]                       0x080019f0   Section        0  stm32f4xx_hal_rtc.o(.text.HAL_RTC_SetDate)
    [Anonymous Symbol]                       0x08001b54   Section        0  stm32f4xx_hal_rtc.o(.text.HAL_RTC_SetTime)
    [Anonymous Symbol]                       0x08001cfc   Section        0  stm32f4xx_hal_spi.o(.text.HAL_SPI_Init)
    [Anonymous Symbol]                       0x08001dac   Section        0  spi.o(.text.HAL_SPI_MspInit)
    [Anonymous Symbol]                       0x08001e5c   Section        0  stm32f4xx_hal_cortex.o(.text.HAL_SYSTICK_Config)
    [Anonymous Symbol]                       0x08001e88   Section        0  stm32f4xx_hal_tim_ex.o(.text.HAL_TIMEx_BreakCallback)
    [Anonymous Symbol]                       0x08001e8c   Section        0  stm32f4xx_hal_tim_ex.o(.text.HAL_TIMEx_CommutCallback)
    [Anonymous Symbol]                       0x08001e90   Section        0  stm32f4xx_hal_tim_ex.o(.text.HAL_TIMEx_ConfigBreakDeadTime)
    [Anonymous Symbol]                       0x08001edc   Section        0  stm32f4xx_hal_tim_ex.o(.text.HAL_TIMEx_MasterConfigSynchronization)
    [Anonymous Symbol]                       0x08001f98   Section        0  stm32f4xx_hal_tim.o(.text.HAL_TIM_Base_Init)
    [Anonymous Symbol]                       0x08001ff4   Section        0  tim.o(.text.HAL_TIM_Base_MspInit)
    [Anonymous Symbol]                       0x080020a0   Section        0  stm32f4xx_hal_tim.o(.text.HAL_TIM_Base_Start_IT)
    [Anonymous Symbol]                       0x0800214c   Section        0  stm32f4xx_hal_tim.o(.text.HAL_TIM_ConfigClockSource)
    [Anonymous Symbol]                       0x080022ec   Section        0  stm32f4xx_hal_tim.o(.text.HAL_TIM_Encoder_Init)
    [Anonymous Symbol]                       0x080023a0   Section        0  tim.o(.text.HAL_TIM_Encoder_MspInit)
    [Anonymous Symbol]                       0x08002460   Section        0  stm32f4xx_hal_tim.o(.text.HAL_TIM_Encoder_Start)
    [Anonymous Symbol]                       0x0800251c   Section        0  stm32f4xx_hal_tim.o(.text.HAL_TIM_IC_CaptureCallback)
    [Anonymous Symbol]                       0x08002520   Section        0  stm32f4xx_hal_tim.o(.text.HAL_TIM_IRQHandler)
    [Anonymous Symbol]                       0x08002670   Section        0  stm32f4xx_hal_tim.o(.text.HAL_TIM_OC_DelayElapsedCallback)
    [Anonymous Symbol]                       0x08002674   Section        0  stm32f4xx_hal_tim.o(.text.HAL_TIM_PWM_ConfigChannel)
    [Anonymous Symbol]                       0x08002894   Section        0  stm32f4xx_hal_tim.o(.text.HAL_TIM_PWM_Init)
    [Anonymous Symbol]                       0x080028f0   Section        0  stm32f4xx_hal_tim.o(.text.HAL_TIM_PWM_MspInit)
    [Anonymous Symbol]                       0x080028f4   Section        0  stm32f4xx_hal_tim.o(.text.HAL_TIM_PWM_PulseFinishedCallback)
    [Anonymous Symbol]                       0x080028f8   Section        0  stm32f4xx_hal_tim.o(.text.HAL_TIM_PWM_Start)
    [Anonymous Symbol]                       0x08002a08   Section        0  bsp_encode.o(.text.HAL_TIM_PeriodElapsedCallback)
    [Anonymous Symbol]                       0x08002b30   Section        0  stm32f4xx_hal_tim.o(.text.HAL_TIM_TriggerCallback)
    [Anonymous Symbol]                       0x08002b34   Section        0  stm32f4xx_hal_uart.o(.text.HAL_UARTEx_RxEventCallback)
    [Anonymous Symbol]                       0x08002b38   Section        0  stm32f4xx_hal_uart.o(.text.HAL_UART_ErrorCallback)
    [Anonymous Symbol]                       0x08002b3c   Section        0  stm32f4xx_hal_uart.o(.text.HAL_UART_IRQHandler)
    [Anonymous Symbol]                       0x080030ac   Section        0  stm32f4xx_hal_uart.o(.text.HAL_UART_Init)
    [Anonymous Symbol]                       0x0800310c   Section        0  usart.o(.text.HAL_UART_MspInit)
    [Anonymous Symbol]                       0x08003288   Section        0  stm32f4xx_hal_uart.o(.text.HAL_UART_Receive_IT)
    [Anonymous Symbol]                       0x080032dc   Section        0  task.o(.text.HAL_UART_RxCpltCallback)
    [Anonymous Symbol]                       0x080033ec   Section        0  stm32f4xx_hal_uart.o(.text.HAL_UART_TxCpltCallback)
    [Anonymous Symbol]                       0x080033f0   Section        0  stm32f4xx_it.o(.text.HardFault_Handler)
    I2C_RequestMemoryWrite                   0x080033f5   Thumb Code   200  stm32f4xx_hal_i2c.o(.text.I2C_RequestMemoryWrite)
    [Anonymous Symbol]                       0x080033f4   Section        0  stm32f4xx_hal_i2c.o(.text.I2C_RequestMemoryWrite)
    I2C_WaitOnBTFFlagUntilTimeout            0x080034bd   Thumb Code   186  stm32f4xx_hal_i2c.o(.text.I2C_WaitOnBTFFlagUntilTimeout)
    [Anonymous Symbol]                       0x080034bc   Section        0  stm32f4xx_hal_i2c.o(.text.I2C_WaitOnBTFFlagUntilTimeout)
    I2C_WaitOnFlagUntilTimeout               0x08003579   Thumb Code   458  stm32f4xx_hal_i2c.o(.text.I2C_WaitOnFlagUntilTimeout)
    [Anonymous Symbol]                       0x08003578   Section        0  stm32f4xx_hal_i2c.o(.text.I2C_WaitOnFlagUntilTimeout)
    I2C_WaitOnMasterAddressFlagUntilTimeout  0x08003745   Thumb Code   214  stm32f4xx_hal_i2c.o(.text.I2C_WaitOnMasterAddressFlagUntilTimeout)
    [Anonymous Symbol]                       0x08003744   Section        0  stm32f4xx_hal_i2c.o(.text.I2C_WaitOnMasterAddressFlagUntilTimeout)
    I2C_WaitOnTXEFlagUntilTimeout            0x0800381d   Thumb Code   186  stm32f4xx_hal_i2c.o(.text.I2C_WaitOnTXEFlagUntilTimeout)
    [Anonymous Symbol]                       0x0800381c   Section        0  stm32f4xx_hal_i2c.o(.text.I2C_WaitOnTXEFlagUntilTimeout)
    [Anonymous Symbol]                       0x080038d8   Section        0  task.o(.text.Init)
    [Anonymous Symbol]                       0x08003990   Section        0  task.o(.text.Loop)
    [Anonymous Symbol]                       0x08003a9c   Section        0  gpio.o(.text.MX_GPIO_Init)
    [Anonymous Symbol]                       0x08003bcc   Section        0  i2c.o(.text.MX_I2C1_Init)
    [Anonymous Symbol]                       0x08003c10   Section        0  i2c.o(.text.MX_I2C2_Init)
    [Anonymous Symbol]                       0x08003c54   Section        0  rtc.o(.text.MX_RTC_Init)
    [Anonymous Symbol]                       0x08003cf4   Section        0  spi.o(.text.MX_SPI2_Init)
    [Anonymous Symbol]                       0x08003d3c   Section        0  tim.o(.text.MX_TIM12_Init)
    [Anonymous Symbol]                       0x08003d9c   Section        0  tim.o(.text.MX_TIM1_Init)
    [Anonymous Symbol]                       0x08003f64   Section        0  tim.o(.text.MX_TIM3_Init)
    [Anonymous Symbol]                       0x08003fcc   Section        0  tim.o(.text.MX_TIM4_Init)
    [Anonymous Symbol]                       0x08004034   Section        0  tim.o(.text.MX_TIM9_Init)
    [Anonymous Symbol]                       0x08004170   Section        0  usart.o(.text.MX_UART5_Init)
    [Anonymous Symbol]                       0x080041ac   Section        0  usart.o(.text.MX_USART1_UART_Init)
    [Anonymous Symbol]                       0x080041e8   Section        0  usart.o(.text.MX_USART3_UART_Init)
    [Anonymous Symbol]                       0x08004224   Section        0  stm32f4xx_it.o(.text.MemManage_Handler)
    [Anonymous Symbol]                       0x08004228   Section        0  stm32f4xx_it.o(.text.NMI_Handler)
    [Anonymous Symbol]                       0x0800422c   Section        0  oled.o(.text.OLED_Clear)
    [Anonymous Symbol]                       0x080042d8   Section        0  oled.o(.text.OLED_Init)
    [Anonymous Symbol]                       0x0800455c   Section        0  oled.o(.text.OLED_ShowChar)
    [Anonymous Symbol]                       0x08004bcc   Section        0  oled.o(.text.OLED_ShowString)
    [Anonymous Symbol]                       0x08004c78   Section        0  encode_motor.o(.text.PID_Init_params)
    [Anonymous Symbol]                       0x08004c88   Section        0  stm32f4xx_it.o(.text.PendSV_Handler)
    [Anonymous Symbol]                       0x08004c8c   Section        0  encode_motor.o(.text.Position_PID_Calculate)
    [Anonymous Symbol]                       0x08004d20   Section        0  stm32f4xx_it.o(.text.SVC_Handler)
    [Anonymous Symbol]                       0x08004d24   Section        0  stm32f4xx_it.o(.text.SysTick_Handler)
    [Anonymous Symbol]                       0x08004d34   Section        0  main.o(.text.SystemClock_Config)
    [Anonymous Symbol]                       0x08004de0   Section        0  system_stm32f4xx.o(.text.SystemInit)
    [Anonymous Symbol]                       0x08004df4   Section        0  stm32f4xx_it.o(.text.TIM8_BRK_TIM12_IRQHandler)
    [Anonymous Symbol]                       0x08004e00   Section        0  stm32f4xx_hal_tim.o(.text.TIM_Base_SetConfig)
    [Anonymous Symbol]                       0x08004f44   Section        0  stm32f4xx_it.o(.text.UART5_IRQHandler)
    UART_DMAAbortOnError                     0x08004f51   Thumb Code    12  stm32f4xx_hal_uart.o(.text.UART_DMAAbortOnError)
    [Anonymous Symbol]                       0x08004f50   Section        0  stm32f4xx_hal_uart.o(.text.UART_DMAAbortOnError)
    UART_Receive_IT                          0x08004f5d   Thumb Code   254  stm32f4xx_hal_uart.o(.text.UART_Receive_IT)
    [Anonymous Symbol]                       0x08004f5c   Section        0  stm32f4xx_hal_uart.o(.text.UART_Receive_IT)
    UART_SetConfig                           0x0800505d   Thumb Code   230  stm32f4xx_hal_uart.o(.text.UART_SetConfig)
    [Anonymous Symbol]                       0x0800505c   Section        0  stm32f4xx_hal_uart.o(.text.UART_SetConfig)
    [Anonymous Symbol]                       0x08005144   Section        0  stm32f4xx_it.o(.text.USART1_IRQHandler)
    [Anonymous Symbol]                       0x08005150   Section        0  stm32f4xx_it.o(.text.USART3_IRQHandler)
    [Anonymous Symbol]                       0x0800515c   Section        0  stm32f4xx_it.o(.text.UsageFault_Handler)
    [Anonymous Symbol]                       0x08005160   Section        0  app_pid.o(.text.app_pid_run)
    [Anonymous Symbol]                       0x0800536c   Section        0  bsp_encode.o(.text.bsp_encode_init)
    [Anonymous Symbol]                       0x08005390   Section        0  bsp_motor.o(.text.bsp_motor_init)
    [Anonymous Symbol]                       0x080053c0   Section        0  app_car_control.o(.text.car_go_2)
    [Anonymous Symbol]                       0x08005420   Section        0  app_car_control.o(.text.car_go_4)
    [Anonymous Symbol]                       0x08005498   Section        0  app_car_control.o(.text.car_go_6)
    [Anonymous Symbol]                       0x08005514   Section        0  app_car_control.o(.text.car_go_until_crossing)
    [Anonymous Symbol]                       0x080055fc   Section        0  app_car_control.o(.text.car_go_until_crossing_2)
    [Anonymous Symbol]                       0x08005728   Section        0  app_car_control.o(.text.car_go_until_crossing_2_stop)
    [Anonymous Symbol]                       0x0800582c   Section        0  app_car_control.o(.text.car_go_until_stop_postition)
    [Anonymous Symbol]                       0x080058f0   Section        0  app_car_control.o(.text.car_position_turn)
    [Anonymous Symbol]                       0x08005994   Section        0  task.o(.text.enable_k210_flag)
    [Anonymous Symbol]                       0x080059a4   Section        0  app_beep_led_key.o(.text.enable_key)
    [Anonymous Symbol]                       0x080059b4   Section        0  app_pid.o(.text.enable_position_pid)
    [Anonymous Symbol]                       0x080059c4   Section        0  app_pid.o(.text.enable_track_pid)
    [Anonymous Symbol]                       0x080059d4   Section        0  app_beep_led_key.o(.text.led_state)
    [Anonymous Symbol]                       0x080059ec   Section        0  main.o(.text.main)
    [Anonymous Symbol]                       0x08005a34   Section        0  bsp_motor.o(.text.motor1_pwm_value_set)
    [Anonymous Symbol]                       0x08005a74   Section        0  bsp_motor.o(.text.motor2_pwm_value_set)
    [Anonymous Symbol]                       0x08005ab4   Section        0  app_pid.o(.text.set_track_speed)
    [Anonymous Symbol]                       0x08005ac4   Section        0  soft_timer.o(.text.soft_timer_is_timeout)
    [Anonymous Symbol]                       0x08005aec   Section        0  soft_timer.o(.text.soft_timer_repeat_init)
    [Anonymous Symbol]                       0x08005b18   Section        0  soft_timer.o(.text.soft_timer_tick)
    [Anonymous Symbol]                       0x08005c48   Section        0  task.o(.text.unenable_k210_flag)
    [Anonymous Symbol]                       0x08005c58   Section        0  app_beep_led_key.o(.text.unenable_key)
    [Anonymous Symbol]                       0x08005c68   Section        0  app_pid.o(.text.unenable_position_pid)
    [Anonymous Symbol]                       0x08005c78   Section        0  app_pid.o(.text.unenable_track_pid)
    i.__scatterload_copy                     0x08005c86   Section       14  handlers.o(i.__scatterload_copy)
    i.__scatterload_null                     0x08005c94   Section        2  handlers.o(i.__scatterload_null)
    i.__scatterload_zeroinit                 0x08005c96   Section       14  handlers.o(i.__scatterload_zeroinit)
    .L.str.2                                 0x080064c4   Data          12  task.o(.rodata.str1.1)
    [Anonymous Symbol]                       0x080064c4   Section        0  task.o(.rodata.str1.1)
    .L.str.1                                 0x080064d0   Data          10  task.o(.rodata.str1.1)
    .L_MergedGlobals                         0x20000000   Data           8  stm32f4xx_hal.o(.data..L_MergedGlobals)
    [Anonymous Symbol]                       0x20000000   Section        0  stm32f4xx_hal.o(.data..L_MergedGlobals)
    .L_MergedGlobals                         0x20000028   Data          44  task.o(.bss..L_MergedGlobals)
    [Anonymous Symbol]                       0x20000028   Section        0  task.o(.bss..L_MergedGlobals)
    k210_flag                                0x2000002c   Data           1  task.o(.bss..L_MergedGlobals)
    HAL_UART_RxCpltCallback.state            0x2000002d   Data           1  task.o(.bss..L_MergedGlobals)
    HAL_UART_RxCpltCallback.state_k210       0x2000002e   Data           1  task.o(.bss..L_MergedGlobals)
    .L_MergedGlobals                         0x20000054   Data          92  app_pid.o(.bss..L_MergedGlobals)
    [Anonymous Symbol]                       0x20000054   Section        0  app_pid.o(.bss..L_MergedGlobals)
    .L_MergedGlobals                         0x200000b0   Data          28  app_car_control.o(.bss..L_MergedGlobals)
    car_go_until_crossing.car_go_until_crossing 0x200000b0   Data           1  app_car_control.o(.bss..L_MergedGlobals)
    [Anonymous Symbol]                       0x200000b0   Section        0  app_car_control.o(.bss..L_MergedGlobals)
    car_go_until_stop_postition.car_go_until_crossing 0x200000b1   Data           1  app_car_control.o(.bss..L_MergedGlobals)
    car_go_until_crossing_2.car_go_until_crossing 0x200000b2   Data           1  app_car_control.o(.bss..L_MergedGlobals)
    car_go_until_crossing_2_stop.car_go_until_crossing 0x200000b3   Data           1  app_car_control.o(.bss..L_MergedGlobals)
    car_position_turn.car_control            0x200000b4   Data           1  app_car_control.o(.bss..L_MergedGlobals)
    APP_car_control_.state                   0x200000b5   Data           1  app_car_control.o(.bss..L_MergedGlobals)
    math                                     0x200000b6   Data           2  app_car_control.o(.bss..L_MergedGlobals)
    car_go_until_crossing.last_tick          0x200000b8   Data           4  app_car_control.o(.bss..L_MergedGlobals)
    car_go_until_stop_postition.last_tick    0x200000bc   Data           4  app_car_control.o(.bss..L_MergedGlobals)
    car_go_until_crossing_2.last_tick        0x200000c0   Data           4  app_car_control.o(.bss..L_MergedGlobals)
    car_go_until_crossing_2_stop.last_tick   0x200000c4   Data           4  app_car_control.o(.bss..L_MergedGlobals)
    car_position_turn.last_tick              0x200000c8   Data           4  app_car_control.o(.bss..L_MergedGlobals)
    .L_MergedGlobals                         0x200000cc   Data          68  app_beep_led_key.o(.bss..L_MergedGlobals)
    app_scan_key                             0x200000cc   Data           1  app_beep_led_key.o(.bss..L_MergedGlobals)
    [Anonymous Symbol]                       0x200000cc   Section        0  app_beep_led_key.o(.bss..L_MergedGlobals)
    APP_Scan_Key.press_time_cnt.0            0x200000d0   Data           4  app_beep_led_key.o(.bss..L_MergedGlobals)
    APP_Scan_Key.press_time_cnt.1            0x200000d4   Data           4  app_beep_led_key.o(.bss..L_MergedGlobals)
    APP_Scan_Key.press_time_cnt.2            0x200000d8   Data           4  app_beep_led_key.o(.bss..L_MergedGlobals)
    APP_Scan_Key.press_time_cnt.3            0x200000dc   Data           4  app_beep_led_key.o(.bss..L_MergedGlobals)
    .L_MergedGlobals.1                       0x20000110   Data          88  app_pid.o(.bss..L_MergedGlobals.1)
    [Anonymous Symbol]                       0x20000110   Section        0  app_pid.o(.bss..L_MergedGlobals.1)
    .L_MergedGlobals.2                       0x20000168   Data          88  app_pid.o(.bss..L_MergedGlobals.2)
    [Anonymous Symbol]                       0x20000168   Section        0  app_pid.o(.bss..L_MergedGlobals.2)
    __tagsym$$used.1                         0x20000234   Number         0  app_pid.o(.bss.car_find_red_line_enable_flag)
    car_find_red_line_enable_flag            0x20000234   Data           1  app_pid.o(.bss.car_find_red_line_enable_flag)
    [Anonymous Symbol]                       0x20000234   Section        0  app_pid.o(.bss.car_find_red_line_enable_flag)
    car_go_2.state                           0x20000236   Data           2  app_car_control.o(.bss.car_go_2.state)
    [Anonymous Symbol]                       0x20000236   Section        0  app_car_control.o(.bss.car_go_2.state)
    car_go_4.state                           0x20000238   Data           2  app_car_control.o(.bss.car_go_4.state)
    [Anonymous Symbol]                       0x20000238   Section        0  app_car_control.o(.bss.car_go_4.state)
    car_go_6.state                           0x2000023a   Data           2  app_car_control.o(.bss.car_go_6.state)
    [Anonymous Symbol]                       0x2000023a   Section        0  app_car_control.o(.bss.car_go_6.state)
    __tagsym$$used.0                         0x2000023c   Number         0  app_pid.o(.bss.car_position_pid_enable_flag)
    car_position_pid_enable_flag             0x2000023c   Data           1  app_pid.o(.bss.car_position_pid_enable_flag)
    [Anonymous Symbol]                       0x2000023c   Section        0  app_pid.o(.bss.car_position_pid_enable_flag)
    timers                                   0x200005a0   Data         120  soft_timer.o(.bss.timers)
    [Anonymous Symbol]                       0x200005a0   Section        0  soft_timer.o(.bss.timers)
    STACK                                    0x20000620   Section     1024  startup_stm32f407xx.o(STACK)

    Global Symbols

    Symbol Name                              Value     Ov Type        Size  Object(Section)

    BuildAttributes$$THM_ISAv4$E$P$D$K$B$S$7EM$VFPi3$EXTD16$VFPS$VFMA$PE$A:L22UL41UL21$X:L11$S22US41US21$IEEE1$IW$~IW$USESV6$~STKCKD$USESV7$~SHL$OTIME$ROPI$IEEEX$EBA8$MICROLIB$REQ8$PRES8$EABIv2 0x00000000   Number         0  anon$$obj.o ABSOLUTE
    __cpp_initialize__aeabi_                  - Undefined Weak Reference
    __cxa_finalize                            - Undefined Weak Reference
    __decompress                              - Undefined Weak Reference
    _clock_init                               - Undefined Weak Reference
    _microlib_exit                            - Undefined Weak Reference
    __Vectors_Size                           0x00000188   Number         0  startup_stm32f407xx.o ABSOLUTE
    __Vectors                                0x08000000   Data           4  startup_stm32f407xx.o(RESET)
    __Vectors_End                            0x08000188   Data           0  startup_stm32f407xx.o(RESET)
    __main                                   0x08000189   Thumb Code     0  entry.o(.ARM.Collect$$$$00000000)
    _main_stk                                0x08000189   Thumb Code     0  entry2.o(.ARM.Collect$$$$00000001)
    _main_scatterload                        0x0800018d   Thumb Code     0  entry5.o(.ARM.Collect$$$$00000004)
    __main_after_scatterload                 0x08000191   Thumb Code     0  entry5.o(.ARM.Collect$$$$00000004)
    _main_clock                              0x08000191   Thumb Code     0  entry7b.o(.ARM.Collect$$$$00000008)
    _main_cpp_init                           0x08000191   Thumb Code     0  entry8b.o(.ARM.Collect$$$$0000000A)
    _main_init                               0x08000191   Thumb Code     0  entry9a.o(.ARM.Collect$$$$0000000B)
    __rt_final_cpp                           0x08000199   Thumb Code     0  entry10a.o(.ARM.Collect$$$$0000000D)
    __rt_final_exit                          0x08000199   Thumb Code     0  entry11a.o(.ARM.Collect$$$$0000000F)
    Reset_Handler                            0x0800019d   Thumb Code     8  startup_stm32f407xx.o(.text)
    ADC_IRQHandler                           0x080001b7   Thumb Code     0  startup_stm32f407xx.o(.text)
    CAN1_RX0_IRQHandler                      0x080001b7   Thumb Code     0  startup_stm32f407xx.o(.text)
    CAN1_RX1_IRQHandler                      0x080001b7   Thumb Code     0  startup_stm32f407xx.o(.text)
    CAN1_SCE_IRQHandler                      0x080001b7   Thumb Code     0  startup_stm32f407xx.o(.text)
    CAN1_TX_IRQHandler                       0x080001b7   Thumb Code     0  startup_stm32f407xx.o(.text)
    CAN2_RX0_IRQHandler                      0x080001b7   Thumb Code     0  startup_stm32f407xx.o(.text)
    CAN2_RX1_IRQHandler                      0x080001b7   Thumb Code     0  startup_stm32f407xx.o(.text)
    CAN2_SCE_IRQHandler                      0x080001b7   Thumb Code     0  startup_stm32f407xx.o(.text)
    CAN2_TX_IRQHandler                       0x080001b7   Thumb Code     0  startup_stm32f407xx.o(.text)
    DCMI_IRQHandler                          0x080001b7   Thumb Code     0  startup_stm32f407xx.o(.text)
    DMA1_Stream0_IRQHandler                  0x080001b7   Thumb Code     0  startup_stm32f407xx.o(.text)
    DMA1_Stream1_IRQHandler                  0x080001b7   Thumb Code     0  startup_stm32f407xx.o(.text)
    DMA1_Stream2_IRQHandler                  0x080001b7   Thumb Code     0  startup_stm32f407xx.o(.text)
    DMA1_Stream3_IRQHandler                  0x080001b7   Thumb Code     0  startup_stm32f407xx.o(.text)
    DMA1_Stream4_IRQHandler                  0x080001b7   Thumb Code     0  startup_stm32f407xx.o(.text)
    DMA1_Stream5_IRQHandler                  0x080001b7   Thumb Code     0  startup_stm32f407xx.o(.text)
    DMA1_Stream6_IRQHandler                  0x080001b7   Thumb Code     0  startup_stm32f407xx.o(.text)
    DMA1_Stream7_IRQHandler                  0x080001b7   Thumb Code     0  startup_stm32f407xx.o(.text)
    DMA2_Stream0_IRQHandler                  0x080001b7   Thumb Code     0  startup_stm32f407xx.o(.text)
    DMA2_Stream1_IRQHandler                  0x080001b7   Thumb Code     0  startup_stm32f407xx.o(.text)
    DMA2_Stream2_IRQHandler                  0x080001b7   Thumb Code     0  startup_stm32f407xx.o(.text)
    DMA2_Stream3_IRQHandler                  0x080001b7   Thumb Code     0  startup_stm32f407xx.o(.text)
    DMA2_Stream4_IRQHandler                  0x080001b7   Thumb Code     0  startup_stm32f407xx.o(.text)
    DMA2_Stream5_IRQHandler                  0x080001b7   Thumb Code     0  startup_stm32f407xx.o(.text)
    DMA2_Stream6_IRQHandler                  0x080001b7   Thumb Code     0  startup_stm32f407xx.o(.text)
    DMA2_Stream7_IRQHandler                  0x080001b7   Thumb Code     0  startup_stm32f407xx.o(.text)
    ETH_IRQHandler                           0x080001b7   Thumb Code     0  startup_stm32f407xx.o(.text)
    ETH_WKUP_IRQHandler                      0x080001b7   Thumb Code     0  startup_stm32f407xx.o(.text)
    EXTI0_IRQHandler                         0x080001b7   Thumb Code     0  startup_stm32f407xx.o(.text)
    EXTI15_10_IRQHandler                     0x080001b7   Thumb Code     0  startup_stm32f407xx.o(.text)
    EXTI1_IRQHandler                         0x080001b7   Thumb Code     0  startup_stm32f407xx.o(.text)
    EXTI2_IRQHandler                         0x080001b7   Thumb Code     0  startup_stm32f407xx.o(.text)
    EXTI3_IRQHandler                         0x080001b7   Thumb Code     0  startup_stm32f407xx.o(.text)
    EXTI4_IRQHandler                         0x080001b7   Thumb Code     0  startup_stm32f407xx.o(.text)
    EXTI9_5_IRQHandler                       0x080001b7   Thumb Code     0  startup_stm32f407xx.o(.text)
    FLASH_IRQHandler                         0x080001b7   Thumb Code     0  startup_stm32f407xx.o(.text)
    FMC_IRQHandler                           0x080001b7   Thumb Code     0  startup_stm32f407xx.o(.text)
    FPU_IRQHandler                           0x080001b7   Thumb Code     0  startup_stm32f407xx.o(.text)
    HASH_RNG_IRQHandler                      0x080001b7   Thumb Code     0  startup_stm32f407xx.o(.text)
    I2C1_ER_IRQHandler                       0x080001b7   Thumb Code     0  startup_stm32f407xx.o(.text)
    I2C1_EV_IRQHandler                       0x080001b7   Thumb Code     0  startup_stm32f407xx.o(.text)
    I2C2_ER_IRQHandler                       0x080001b7   Thumb Code     0  startup_stm32f407xx.o(.text)
    I2C2_EV_IRQHandler                       0x080001b7   Thumb Code     0  startup_stm32f407xx.o(.text)
    I2C3_ER_IRQHandler                       0x080001b7   Thumb Code     0  startup_stm32f407xx.o(.text)
    I2C3_EV_IRQHandler                       0x080001b7   Thumb Code     0  startup_stm32f407xx.o(.text)
    OTG_FS_IRQHandler                        0x080001b7   Thumb Code     0  startup_stm32f407xx.o(.text)
    OTG_FS_WKUP_IRQHandler                   0x080001b7   Thumb Code     0  startup_stm32f407xx.o(.text)
    OTG_HS_EP1_IN_IRQHandler                 0x080001b7   Thumb Code     0  startup_stm32f407xx.o(.text)
    OTG_HS_EP1_OUT_IRQHandler                0x080001b7   Thumb Code     0  startup_stm32f407xx.o(.text)
    OTG_HS_IRQHandler                        0x080001b7   Thumb Code     0  startup_stm32f407xx.o(.text)
    OTG_HS_WKUP_IRQHandler                   0x080001b7   Thumb Code     0  startup_stm32f407xx.o(.text)
    PVD_IRQHandler                           0x080001b7   Thumb Code     0  startup_stm32f407xx.o(.text)
    RCC_IRQHandler                           0x080001b7   Thumb Code     0  startup_stm32f407xx.o(.text)
    RTC_Alarm_IRQHandler                     0x080001b7   Thumb Code     0  startup_stm32f407xx.o(.text)
    RTC_WKUP_IRQHandler                      0x080001b7   Thumb Code     0  startup_stm32f407xx.o(.text)
    SDIO_IRQHandler                          0x080001b7   Thumb Code     0  startup_stm32f407xx.o(.text)
    SPI1_IRQHandler                          0x080001b7   Thumb Code     0  startup_stm32f407xx.o(.text)
    SPI2_IRQHandler                          0x080001b7   Thumb Code     0  startup_stm32f407xx.o(.text)
    SPI3_IRQHandler                          0x080001b7   Thumb Code     0  startup_stm32f407xx.o(.text)
    TAMP_STAMP_IRQHandler                    0x080001b7   Thumb Code     0  startup_stm32f407xx.o(.text)
    TIM1_BRK_TIM9_IRQHandler                 0x080001b7   Thumb Code     0  startup_stm32f407xx.o(.text)
    TIM1_CC_IRQHandler                       0x080001b7   Thumb Code     0  startup_stm32f407xx.o(.text)
    TIM1_TRG_COM_TIM11_IRQHandler            0x080001b7   Thumb Code     0  startup_stm32f407xx.o(.text)
    TIM1_UP_TIM10_IRQHandler                 0x080001b7   Thumb Code     0  startup_stm32f407xx.o(.text)
    TIM2_IRQHandler                          0x080001b7   Thumb Code     0  startup_stm32f407xx.o(.text)
    TIM3_IRQHandler                          0x080001b7   Thumb Code     0  startup_stm32f407xx.o(.text)
    TIM4_IRQHandler                          0x080001b7   Thumb Code     0  startup_stm32f407xx.o(.text)
    TIM5_IRQHandler                          0x080001b7   Thumb Code     0  startup_stm32f407xx.o(.text)
    TIM6_DAC_IRQHandler                      0x080001b7   Thumb Code     0  startup_stm32f407xx.o(.text)
    TIM7_IRQHandler                          0x080001b7   Thumb Code     0  startup_stm32f407xx.o(.text)
    TIM8_CC_IRQHandler                       0x080001b7   Thumb Code     0  startup_stm32f407xx.o(.text)
    TIM8_TRG_COM_TIM14_IRQHandler            0x080001b7   Thumb Code     0  startup_stm32f407xx.o(.text)
    TIM8_UP_TIM13_IRQHandler                 0x080001b7   Thumb Code     0  startup_stm32f407xx.o(.text)
    UART4_IRQHandler                         0x080001b7   Thumb Code     0  startup_stm32f407xx.o(.text)
    USART2_IRQHandler                        0x080001b7   Thumb Code     0  startup_stm32f407xx.o(.text)
    USART6_IRQHandler                        0x080001b7   Thumb Code     0  startup_stm32f407xx.o(.text)
    WWDG_IRQHandler                          0x080001b7   Thumb Code     0  startup_stm32f407xx.o(.text)
    __aeabi_uldivmod                         0x080001c1   Thumb Code    98  uldiv.o(.text)
    __aeabi_memset                           0x08000223   Thumb Code    14  memseta.o(.text)
    __aeabi_memset4                          0x08000223   Thumb Code     0  memseta.o(.text)
    __aeabi_memset8                          0x08000223   Thumb Code     0  memseta.o(.text)
    __aeabi_memclr                           0x08000231   Thumb Code     4  memseta.o(.text)
    __aeabi_memclr4                          0x08000231   Thumb Code     0  memseta.o(.text)
    __aeabi_memclr8                          0x08000231   Thumb Code     0  memseta.o(.text)
    _memset$wrapper                          0x08000235   Thumb Code    18  memseta.o(.text)
    __aeabi_dadd                             0x08000247   Thumb Code   322  dadd.o(.text)
    __aeabi_dsub                             0x08000389   Thumb Code     6  dadd.o(.text)
    __aeabi_drsub                            0x0800038f   Thumb Code     6  dadd.o(.text)
    __aeabi_dmul                             0x08000395   Thumb Code   228  dmul.o(.text)
    __aeabi_f2d                              0x08000479   Thumb Code    38  f2d.o(.text)
    __aeabi_d2f                              0x0800049f   Thumb Code    56  d2f.o(.text)
    __aeabi_llsl                             0x080004d7   Thumb Code    30  llshl.o(.text)
    _ll_shift_l                              0x080004d7   Thumb Code     0  llshl.o(.text)
    __aeabi_llsr                             0x080004f5   Thumb Code    32  llushr.o(.text)
    _ll_ushift_r                             0x080004f5   Thumb Code     0  llushr.o(.text)
    __aeabi_lasr                             0x08000515   Thumb Code    36  llsshr.o(.text)
    _ll_sshift_r                             0x08000515   Thumb Code     0  llsshr.o(.text)
    __I$use$fp                               0x08000539   Thumb Code     0  iusefp.o(.text)
    _float_round                             0x08000539   Thumb Code    18  fepilogue.o(.text)
    _float_epilogue                          0x0800054b   Thumb Code    92  fepilogue.o(.text)
    _double_round                            0x080005a7   Thumb Code    30  depilogue.o(.text)
    _double_epilogue                         0x080005c5   Thumb Code   156  depilogue.o(.text)
    __scatterload                            0x08000661   Thumb Code    38  init.o(.text)
    __scatterload_rt2                        0x08000661   Thumb Code     0  init.o(.text)
    APP_Scan_Key                             0x08000691   Thumb Code   402  app_beep_led_key.o(.text.APP_Scan_Key)
    APP_car_control_                         0x08000825   Thumb Code   166  app_car_control.o(.text.APP_car_control_)
    BusFault_Handler                         0x080008cd   Thumb Code     2  stm32f4xx_it.o(.text.BusFault_Handler)
    DebugMon_Handler                         0x080008d1   Thumb Code     2  stm32f4xx_it.o(.text.DebugMon_Handler)
    Error_Handler                            0x080008d5   Thumb Code     6  main.o(.text.Error_Handler)
    FusionAhrsInitialise                     0x080008dd   Thumb Code   102  fusionahrs.o(.text.FusionAhrsInitialise)
    HAL_DMA_Abort                            0x08000945   Thumb Code   142  stm32f4xx_hal_dma.o(.text.HAL_DMA_Abort)
    HAL_DMA_Abort_IT                         0x080009d5   Thumb Code    36  stm32f4xx_hal_dma.o(.text.HAL_DMA_Abort_IT)
    HAL_Delay                                0x080009f9   Thumb Code    40  stm32f4xx_hal.o(.text.HAL_Delay)
    HAL_GPIO_Init                            0x08000a21   Thumb Code   414  stm32f4xx_hal_gpio.o(.text.HAL_GPIO_Init)
    HAL_GPIO_ReadPin                         0x08000bc1   Thumb Code    10  stm32f4xx_hal_gpio.o(.text.HAL_GPIO_ReadPin)
    HAL_GPIO_WritePin                        0x08000bcd   Thumb Code    10  stm32f4xx_hal_gpio.o(.text.HAL_GPIO_WritePin)
    HAL_GetTick                              0x08000bd9   Thumb Code    12  stm32f4xx_hal.o(.text.HAL_GetTick)
    HAL_I2C_Init                             0x08000be5   Thumb Code   356  stm32f4xx_hal_i2c.o(.text.HAL_I2C_Init)
    HAL_I2C_Mem_Write                        0x08000d49   Thumb Code   348  stm32f4xx_hal_i2c.o(.text.HAL_I2C_Mem_Write)
    HAL_I2C_MspInit                          0x08000ea5   Thumb Code   210  i2c.o(.text.HAL_I2C_MspInit)
    HAL_IncTick                              0x08000f79   Thumb Code    26  stm32f4xx_hal.o(.text.HAL_IncTick)
    HAL_Init                                 0x08000f95   Thumb Code    54  stm32f4xx_hal.o(.text.HAL_Init)
    HAL_InitTick                             0x08000fcd   Thumb Code    72  stm32f4xx_hal.o(.text.HAL_InitTick)
    HAL_MspInit                              0x08001015   Thumb Code    56  stm32f4xx_hal_msp.o(.text.HAL_MspInit)
    HAL_NVIC_EnableIRQ                       0x0800104d   Thumb Code    34  stm32f4xx_hal_cortex.o(.text.HAL_NVIC_EnableIRQ)
    HAL_NVIC_SetPriority                     0x08001071   Thumb Code    86  stm32f4xx_hal_cortex.o(.text.HAL_NVIC_SetPriority)
    HAL_NVIC_SetPriorityGrouping             0x080010c9   Thumb Code    32  stm32f4xx_hal_cortex.o(.text.HAL_NVIC_SetPriorityGrouping)
    HAL_RCCEx_PeriphCLKConfig                0x080010e9   Thumb Code   330  stm32f4xx_hal_rcc_ex.o(.text.HAL_RCCEx_PeriphCLKConfig)
    HAL_RCC_ClockConfig                      0x08001235   Thumb Code   356  stm32f4xx_hal_rcc.o(.text.HAL_RCC_ClockConfig)
    HAL_RCC_GetPCLK1Freq                     0x08001399   Thumb Code    38  stm32f4xx_hal_rcc.o(.text.HAL_RCC_GetPCLK1Freq)
    HAL_RCC_GetPCLK2Freq                     0x080013c1   Thumb Code    38  stm32f4xx_hal_rcc.o(.text.HAL_RCC_GetPCLK2Freq)
    HAL_RCC_GetSysClockFreq                  0x080013e9   Thumb Code   110  stm32f4xx_hal_rcc.o(.text.HAL_RCC_GetSysClockFreq)
    HAL_RCC_OscConfig                        0x08001459   Thumb Code   940  stm32f4xx_hal_rcc.o(.text.HAL_RCC_OscConfig)
    HAL_RTCEx_SetWakeUpTimer                 0x08001805   Thumb Code   170  stm32f4xx_hal_rtc_ex.o(.text.HAL_RTCEx_SetWakeUpTimer)
    HAL_RTC_Init                             0x080018b1   Thumb Code   252  stm32f4xx_hal_rtc.o(.text.HAL_RTC_Init)
    HAL_RTC_MspInit                          0x080019ad   Thumb Code    68  rtc.o(.text.HAL_RTC_MspInit)
    HAL_RTC_SetDate                          0x080019f1   Thumb Code   356  stm32f4xx_hal_rtc.o(.text.HAL_RTC_SetDate)
    HAL_RTC_SetTime                          0x08001b55   Thumb Code   424  stm32f4xx_hal_rtc.o(.text.HAL_RTC_SetTime)
    HAL_SPI_Init                             0x08001cfd   Thumb Code   176  stm32f4xx_hal_spi.o(.text.HAL_SPI_Init)
    HAL_SPI_MspInit                          0x08001dad   Thumb Code   174  spi.o(.text.HAL_SPI_MspInit)
    HAL_SYSTICK_Config                       0x08001e5d   Thumb Code    44  stm32f4xx_hal_cortex.o(.text.HAL_SYSTICK_Config)
    HAL_TIMEx_BreakCallback                  0x08001e89   Thumb Code     2  stm32f4xx_hal_tim_ex.o(.text.HAL_TIMEx_BreakCallback)
    HAL_TIMEx_CommutCallback                 0x08001e8d   Thumb Code     2  stm32f4xx_hal_tim_ex.o(.text.HAL_TIMEx_CommutCallback)
    HAL_TIMEx_ConfigBreakDeadTime            0x08001e91   Thumb Code    76  stm32f4xx_hal_tim_ex.o(.text.HAL_TIMEx_ConfigBreakDeadTime)
    HAL_TIMEx_MasterConfigSynchronization    0x08001edd   Thumb Code   186  stm32f4xx_hal_tim_ex.o(.text.HAL_TIMEx_MasterConfigSynchronization)
    HAL_TIM_Base_Init                        0x08001f99   Thumb Code    90  stm32f4xx_hal_tim.o(.text.HAL_TIM_Base_Init)
    HAL_TIM_Base_MspInit                     0x08001ff5   Thumb Code   170  tim.o(.text.HAL_TIM_Base_MspInit)
    HAL_TIM_Base_Start_IT                    0x080020a1   Thumb Code   170  stm32f4xx_hal_tim.o(.text.HAL_TIM_Base_Start_IT)
    HAL_TIM_ConfigClockSource                0x0800214d   Thumb Code   416  stm32f4xx_hal_tim.o(.text.HAL_TIM_ConfigClockSource)
    HAL_TIM_Encoder_Init                     0x080022ed   Thumb Code   178  stm32f4xx_hal_tim.o(.text.HAL_TIM_Encoder_Init)
    HAL_TIM_Encoder_MspInit                  0x080023a1   Thumb Code   190  tim.o(.text.HAL_TIM_Encoder_MspInit)
    HAL_TIM_Encoder_Start                    0x08002461   Thumb Code   188  stm32f4xx_hal_tim.o(.text.HAL_TIM_Encoder_Start)
    HAL_TIM_IC_CaptureCallback               0x0800251d   Thumb Code     2  stm32f4xx_hal_tim.o(.text.HAL_TIM_IC_CaptureCallback)
    HAL_TIM_IRQHandler                       0x08002521   Thumb Code   334  stm32f4xx_hal_tim.o(.text.HAL_TIM_IRQHandler)
    HAL_TIM_OC_DelayElapsedCallback          0x08002671   Thumb Code     2  stm32f4xx_hal_tim.o(.text.HAL_TIM_OC_DelayElapsedCallback)
    HAL_TIM_PWM_ConfigChannel                0x08002675   Thumb Code   544  stm32f4xx_hal_tim.o(.text.HAL_TIM_PWM_ConfigChannel)
    HAL_TIM_PWM_Init                         0x08002895   Thumb Code    90  stm32f4xx_hal_tim.o(.text.HAL_TIM_PWM_Init)
    HAL_TIM_PWM_MspInit                      0x080028f1   Thumb Code     2  stm32f4xx_hal_tim.o(.text.HAL_TIM_PWM_MspInit)
    HAL_TIM_PWM_PulseFinishedCallback        0x080028f5   Thumb Code     2  stm32f4xx_hal_tim.o(.text.HAL_TIM_PWM_PulseFinishedCallback)
    HAL_TIM_PWM_Start                        0x080028f9   Thumb Code   270  stm32f4xx_hal_tim.o(.text.HAL_TIM_PWM_Start)
    HAL_TIM_PeriodElapsedCallback            0x08002a09   Thumb Code   280  bsp_encode.o(.text.HAL_TIM_PeriodElapsedCallback)
    HAL_TIM_TriggerCallback                  0x08002b31   Thumb Code     2  stm32f4xx_hal_tim.o(.text.HAL_TIM_TriggerCallback)
    HAL_UARTEx_RxEventCallback               0x08002b35   Thumb Code     2  stm32f4xx_hal_uart.o(.text.HAL_UARTEx_RxEventCallback)
    HAL_UART_ErrorCallback                   0x08002b39   Thumb Code     2  stm32f4xx_hal_uart.o(.text.HAL_UART_ErrorCallback)
    HAL_UART_IRQHandler                      0x08002b3d   Thumb Code  1392  stm32f4xx_hal_uart.o(.text.HAL_UART_IRQHandler)
    HAL_UART_Init                            0x080030ad   Thumb Code    96  stm32f4xx_hal_uart.o(.text.HAL_UART_Init)
    HAL_UART_MspInit                         0x0800310d   Thumb Code   378  usart.o(.text.HAL_UART_MspInit)
    HAL_UART_Receive_IT                      0x08003289   Thumb Code    84  stm32f4xx_hal_uart.o(.text.HAL_UART_Receive_IT)
    HAL_UART_RxCpltCallback                  0x080032dd   Thumb Code   272  task.o(.text.HAL_UART_RxCpltCallback)
    HAL_UART_TxCpltCallback                  0x080033ed   Thumb Code     2  stm32f4xx_hal_uart.o(.text.HAL_UART_TxCpltCallback)
    HardFault_Handler                        0x080033f1   Thumb Code     2  stm32f4xx_it.o(.text.HardFault_Handler)
    Init                                     0x080038d9   Thumb Code   176  task.o(.text.Init)
    Loop                                     0x08003991   Thumb Code   268  task.o(.text.Loop)
    MX_GPIO_Init                             0x08003a9d   Thumb Code   302  gpio.o(.text.MX_GPIO_Init)
    MX_I2C1_Init                             0x08003bcd   Thumb Code    66  i2c.o(.text.MX_I2C1_Init)
    MX_I2C2_Init                             0x08003c11   Thumb Code    66  i2c.o(.text.MX_I2C2_Init)
    MX_RTC_Init                              0x08003c55   Thumb Code   158  rtc.o(.text.MX_RTC_Init)
    MX_SPI2_Init                             0x08003cf5   Thumb Code    70  spi.o(.text.MX_SPI2_Init)
    MX_TIM12_Init                            0x08003d3d   Thumb Code    94  tim.o(.text.MX_TIM12_Init)
    MX_TIM1_Init                             0x08003d9d   Thumb Code   454  tim.o(.text.MX_TIM1_Init)
    MX_TIM3_Init                             0x08003f65   Thumb Code   104  tim.o(.text.MX_TIM3_Init)
    MX_TIM4_Init                             0x08003fcd   Thumb Code   104  tim.o(.text.MX_TIM4_Init)
    MX_TIM9_Init                             0x08004035   Thumb Code   316  tim.o(.text.MX_TIM9_Init)
    MX_UART5_Init                            0x08004171   Thumb Code    60  usart.o(.text.MX_UART5_Init)
    MX_USART1_UART_Init                      0x080041ad   Thumb Code    60  usart.o(.text.MX_USART1_UART_Init)
    MX_USART3_UART_Init                      0x080041e9   Thumb Code    60  usart.o(.text.MX_USART3_UART_Init)
    MemManage_Handler                        0x08004225   Thumb Code     2  stm32f4xx_it.o(.text.MemManage_Handler)
    NMI_Handler                              0x08004229   Thumb Code     2  stm32f4xx_it.o(.text.NMI_Handler)
    OLED_Clear                               0x0800422d   Thumb Code   172  oled.o(.text.OLED_Clear)
    OLED_Init                                0x080042d9   Thumb Code   642  oled.o(.text.OLED_Init)
    OLED_ShowChar                            0x0800455d   Thumb Code  1646  oled.o(.text.OLED_ShowChar)
    OLED_ShowString                          0x08004bcd   Thumb Code   172  oled.o(.text.OLED_ShowString)
    PID_Init_params                          0x08004c79   Thumb Code    14  encode_motor.o(.text.PID_Init_params)
    PendSV_Handler                           0x08004c89   Thumb Code     2  stm32f4xx_it.o(.text.PendSV_Handler)
    Position_PID_Calculate                   0x08004c8d   Thumb Code   146  encode_motor.o(.text.Position_PID_Calculate)
    SVC_Handler                              0x08004d21   Thumb Code     2  stm32f4xx_it.o(.text.SVC_Handler)
    SysTick_Handler                          0x08004d25   Thumb Code    14  stm32f4xx_it.o(.text.SysTick_Handler)
    SystemClock_Config                       0x08004d35   Thumb Code   172  main.o(.text.SystemClock_Config)
    SystemInit                               0x08004de1   Thumb Code    18  system_stm32f4xx.o(.text.SystemInit)
    TIM8_BRK_TIM12_IRQHandler                0x08004df5   Thumb Code    12  stm32f4xx_it.o(.text.TIM8_BRK_TIM12_IRQHandler)
    TIM_Base_SetConfig                       0x08004e01   Thumb Code   324  stm32f4xx_hal_tim.o(.text.TIM_Base_SetConfig)
    UART5_IRQHandler                         0x08004f45   Thumb Code    12  stm32f4xx_it.o(.text.UART5_IRQHandler)
    USART1_IRQHandler                        0x08005145   Thumb Code    12  stm32f4xx_it.o(.text.USART1_IRQHandler)
    USART3_IRQHandler                        0x08005151   Thumb Code    12  stm32f4xx_it.o(.text.USART3_IRQHandler)
    UsageFault_Handler                       0x0800515d   Thumb Code     2  stm32f4xx_it.o(.text.UsageFault_Handler)
    app_pid_run                              0x08005161   Thumb Code   492  app_pid.o(.text.app_pid_run)
    bsp_encode_init                          0x0800536d   Thumb Code    34  bsp_encode.o(.text.bsp_encode_init)
    bsp_motor_init                           0x08005391   Thumb Code    46  bsp_motor.o(.text.bsp_motor_init)
    car_go_2                                 0x080053c1   Thumb Code    94  app_car_control.o(.text.car_go_2)
    car_go_4                                 0x08005421   Thumb Code   118  app_car_control.o(.text.car_go_4)
    car_go_6                                 0x08005499   Thumb Code   122  app_car_control.o(.text.car_go_6)
    car_go_until_crossing                    0x08005515   Thumb Code   228  app_car_control.o(.text.car_go_until_crossing)
    car_go_until_crossing_2                  0x080055fd   Thumb Code   296  app_car_control.o(.text.car_go_until_crossing_2)
    car_go_until_crossing_2_stop             0x08005729   Thumb Code   256  app_car_control.o(.text.car_go_until_crossing_2_stop)
    car_go_until_stop_postition              0x0800582d   Thumb Code   192  app_car_control.o(.text.car_go_until_stop_postition)
    car_position_turn                        0x080058f1   Thumb Code   164  app_car_control.o(.text.car_position_turn)
    enable_k210_flag                         0x08005995   Thumb Code    14  task.o(.text.enable_k210_flag)
    enable_key                               0x080059a5   Thumb Code    14  app_beep_led_key.o(.text.enable_key)
    enable_position_pid                      0x080059b5   Thumb Code    14  app_pid.o(.text.enable_position_pid)
    enable_track_pid                         0x080059c5   Thumb Code    14  app_pid.o(.text.enable_track_pid)
    led_state                                0x080059d5   Thumb Code    22  app_beep_led_key.o(.text.led_state)
    main                                     0x080059ed   Thumb Code    70  main.o(.text.main)
    motor1_pwm_value_set                     0x08005a35   Thumb Code    62  bsp_motor.o(.text.motor1_pwm_value_set)
    motor2_pwm_value_set                     0x08005a75   Thumb Code    62  bsp_motor.o(.text.motor2_pwm_value_set)
    set_track_speed                          0x08005ab5   Thumb Code    14  app_pid.o(.text.set_track_speed)
    soft_timer_is_timeout                    0x08005ac5   Thumb Code    38  soft_timer.o(.text.soft_timer_is_timeout)
    soft_timer_repeat_init                   0x08005aed   Thumb Code    44  soft_timer.o(.text.soft_timer_repeat_init)
    soft_timer_tick                          0x08005b19   Thumb Code   304  soft_timer.o(.text.soft_timer_tick)
    unenable_k210_flag                       0x08005c49   Thumb Code    14  task.o(.text.unenable_k210_flag)
    unenable_key                             0x08005c59   Thumb Code    14  app_beep_led_key.o(.text.unenable_key)
    unenable_position_pid                    0x08005c69   Thumb Code    14  app_pid.o(.text.unenable_position_pid)
    unenable_track_pid                       0x08005c79   Thumb Code    14  app_pid.o(.text.unenable_track_pid)
    __scatterload_copy                       0x08005c87   Thumb Code    14  handlers.o(i.__scatterload_copy)
    __scatterload_null                       0x08005c95   Thumb Code     2  handlers.o(i.__scatterload_null)
    __scatterload_zeroinit                   0x08005c97   Thumb Code    14  handlers.o(i.__scatterload_zeroinit)
    AHBPrescTable                            0x08005ca4   Data          16  system_stm32f4xx.o(.rodata.AHBPrescTable)
    APBPrescTable                            0x08005cb4   Data           8  system_stm32f4xx.o(.rodata.APBPrescTable)
    F6x8                                     0x08005cbc   Data         552  oledfont.o(.rodata.F6x8)
    F8X16                                    0x08005ee4   Data        1504  oledfont.o(.rodata.F8X16)
    Region$$Table$$Base                      0x080064dc   Number         0  anon$$obj.o(Region$$Table)
    Region$$Table$$Limit                     0x080064fc   Number         0  anon$$obj.o(Region$$Table)
    uwTickFreq                               0x20000000   Data           1  stm32f4xx_hal.o(.data..L_MergedGlobals)
    uwTickPrio                               0x20000004   Data           4  stm32f4xx_hal.o(.data..L_MergedGlobals)
    CMD_Data                                 0x20000008   Data          23  oled.o(.data.CMD_Data)
    SystemCoreClock                          0x20000020   Data           4  system_stm32f4xx.o(.data.SystemCoreClock)
    data1                                    0x20000024   Data           2  task.o(.data.data1)
    rx_index                                 0x20000028   Data           1  task.o(.bss..L_MergedGlobals)
    packet_ready                             0x20000029   Data           1  task.o(.bss..L_MergedGlobals)
    rx_index_k210                            0x2000002a   Data           1  task.o(.bss..L_MergedGlobals)
    packet_ready_k210                        0x2000002b   Data           1  task.o(.bss..L_MergedGlobals)
    data2                                    0x20000030   Data           2  task.o(.bss..L_MergedGlobals)
    data3                                    0x20000032   Data           2  task.o(.bss..L_MergedGlobals)
    k210_data                                0x20000034   Data           2  task.o(.bss..L_MergedGlobals)
    rx_buffer_k210                           0x20000036   Data           4  task.o(.bss..L_MergedGlobals)
    time_S                                   0x2000003c   Data           4  task.o(.bss..L_MergedGlobals)
    rx_buffer                                0x20000040   Data           7  task.o(.bss..L_MergedGlobals)
    euler                                    0x20000048   Data          12  task.o(.bss..L_MergedGlobals)
    app_pid_status                           0x20000054   Data           1  app_pid.o(.bss..L_MergedGlobals)
    base_speed                               0x20000058   Data           4  app_pid.o(.bss..L_MergedGlobals)
    encodeB                                  0x2000005c   Data          20  app_pid.o(.bss..L_MergedGlobals)
    encodeA                                  0x20000070   Data          20  app_pid.o(.bss..L_MergedGlobals)
    motor1_speed_pid                         0x20000084   Data          44  app_pid.o(.bss..L_MergedGlobals)
    g_key                                    0x200000e0   Data          48  app_beep_led_key.o(.bss..L_MergedGlobals)
    motor2_speed_pid                         0x20000110   Data          44  app_pid.o(.bss..L_MergedGlobals.1)
    motor2_position_pid                      0x2000013c   Data          44  app_pid.o(.bss..L_MergedGlobals.1)
    motor1_position_pid                      0x20000168   Data          44  app_pid.o(.bss..L_MergedGlobals.2)
    motor_track_pid                          0x20000194   Data          44  app_pid.o(.bss..L_MergedGlobals.2)
    ahrs                                     0x200001c0   Data         116  task.o(.bss.ahrs)
    hi2c1                                    0x20000240   Data          84  i2c.o(.bss.hi2c1)
    hi2c2                                    0x20000294   Data          84  i2c.o(.bss.hi2c2)
    hrtc                                     0x200002e8   Data          32  rtc.o(.bss.hrtc)
    hspi2                                    0x20000308   Data          88  spi.o(.bss.hspi2)
    htim1                                    0x20000360   Data          72  tim.o(.bss.htim1)
    htim12                                   0x200003a8   Data          72  tim.o(.bss.htim12)
    htim3                                    0x200003f0   Data          72  tim.o(.bss.htim3)
    htim4                                    0x20000438   Data          72  tim.o(.bss.htim4)
    htim9                                    0x20000480   Data          72  tim.o(.bss.htim9)
    huart1                                   0x200004c8   Data          72  usart.o(.bss.huart1)
    huart3                                   0x20000510   Data          72  usart.o(.bss.huart3)
    huart5                                   0x20000558   Data          72  usart.o(.bss.huart5)
    uwTick                                   0x20000618   Data           4  stm32f4xx_hal.o(.bss.uwTick)
    __initial_sp                             0x20000a20   Data           0  startup_stm32f407xx.o(STACK)



==============================================================================

Memory Map of the image

  Image Entry point : 0x08000189

  Load Region LR_IROM1 (Base: 0x08000000, Size: 0x00006528, Max: 0x00080000, ABSOLUTE)

    Execution Region ER_IROM1 (Exec base: 0x08000000, Load base: 0x08000000, Size: 0x000064fc, Max: 0x00080000, ABSOLUTE)

    Exec Addr    Load Addr    Size         Type   Attr      Idx    E Section Name        Object

    0x08000000   0x08000000   0x00000188   Data   RO            3    RESET               startup_stm32f407xx.o
    0x08000188   0x08000188   0x00000000   Code   RO         1808  * .ARM.Collect$$$$00000000  mc_w.l(entry.o)
    0x08000188   0x08000188   0x00000004   Code   RO         1854    .ARM.Collect$$$$00000001  mc_w.l(entry2.o)
    0x0800018c   0x0800018c   0x00000004   Code   RO         1857    .ARM.Collect$$$$00000004  mc_w.l(entry5.o)
    0x08000190   0x08000190   0x00000000   Code   RO         1859    .ARM.Collect$$$$00000008  mc_w.l(entry7b.o)
    0x08000190   0x08000190   0x00000000   Code   RO         1861    .ARM.Collect$$$$0000000A  mc_w.l(entry8b.o)
    0x08000190   0x08000190   0x00000008   Code   RO         1862    .ARM.Collect$$$$0000000B  mc_w.l(entry9a.o)
    0x08000198   0x08000198   0x00000000   Code   RO         1864    .ARM.Collect$$$$0000000D  mc_w.l(entry10a.o)
    0x08000198   0x08000198   0x00000000   Code   RO         1866    .ARM.Collect$$$$0000000F  mc_w.l(entry11a.o)
    0x08000198   0x08000198   0x00000004   Code   RO         1855    .ARM.Collect$$$$00002712  mc_w.l(entry2.o)
    0x0800019c   0x0800019c   0x00000024   Code   RO            4    .text               startup_stm32f407xx.o
    0x080001c0   0x080001c0   0x00000062   Code   RO         1811    .text               mc_w.l(uldiv.o)
    0x08000222   0x08000222   0x00000024   Code   RO         1813    .text               mc_w.l(memseta.o)
    0x08000246   0x08000246   0x0000014e   Code   RO         1815    .text               mf_w.l(dadd.o)
    0x08000394   0x08000394   0x000000e4   Code   RO         1817    .text               mf_w.l(dmul.o)
    0x08000478   0x08000478   0x00000026   Code   RO         1825    .text               mf_w.l(f2d.o)
    0x0800049e   0x0800049e   0x00000038   Code   RO         1827    .text               mf_w.l(d2f.o)
    0x080004d6   0x080004d6   0x0000001e   Code   RO         1868    .text               mc_w.l(llshl.o)
    0x080004f4   0x080004f4   0x00000020   Code   RO         1870    .text               mc_w.l(llushr.o)
    0x08000514   0x08000514   0x00000024   Code   RO         1872    .text               mc_w.l(llsshr.o)
    0x08000538   0x08000538   0x00000000   Code   RO         1881    .text               mc_w.l(iusefp.o)
    0x08000538   0x08000538   0x0000006e   Code   RO         1882    .text               mf_w.l(fepilogue.o)
    0x080005a6   0x080005a6   0x000000ba   Code   RO         1884    .text               mf_w.l(depilogue.o)
    0x08000660   0x08000660   0x00000030   Code   RO         1886    .text               mc_w.l(init.o)
    0x08000690   0x08000690   0x00000192   Code   RO         1773    .text.APP_Scan_Key  app_beep_led_key.o
    0x08000822   0x08000822   0x00000002   PAD
    0x08000824   0x08000824   0x000000a6   Code   RO         1747    .text.APP_car_control_  app_car_control.o
    0x080008ca   0x080008ca   0x00000002   PAD
    0x080008cc   0x080008cc   0x00000002   Code   RO          142    .text.BusFault_Handler  stm32f4xx_it.o
    0x080008ce   0x080008ce   0x00000002   PAD
    0x080008d0   0x080008d0   0x00000002   Code   RO          148    .text.DebugMon_Handler  stm32f4xx_it.o
    0x080008d2   0x080008d2   0x00000002   PAD
    0x080008d4   0x080008d4   0x00000006   Code   RO           15    .text.Error_Handler  main.o
    0x080008da   0x080008da   0x00000002   PAD
    0x080008dc   0x080008dc   0x00000066   Code   RO         1583    .text.FusionAhrsInitialise  fusionahrs.o
    0x08000942   0x08000942   0x00000002   PAD
    0x08000944   0x08000944   0x0000008e   Code   RO          472    .text.HAL_DMA_Abort  stm32f4xx_hal_dma.o
    0x080009d2   0x080009d2   0x00000002   PAD
    0x080009d4   0x080009d4   0x00000024   Code   RO          474    .text.HAL_DMA_Abort_IT  stm32f4xx_hal_dma.o
    0x080009f8   0x080009f8   0x00000028   Code   RO          631    .text.HAL_Delay     stm32f4xx_hal.o
    0x08000a20   0x08000a20   0x0000019e   Code   RO          426    .text.HAL_GPIO_Init  stm32f4xx_hal_gpio.o
    0x08000bbe   0x08000bbe   0x00000002   PAD
    0x08000bc0   0x08000bc0   0x0000000a   Code   RO          430    .text.HAL_GPIO_ReadPin  stm32f4xx_hal_gpio.o
    0x08000bca   0x08000bca   0x00000002   PAD
    0x08000bcc   0x08000bcc   0x0000000a   Code   RO          432    .text.HAL_GPIO_WritePin  stm32f4xx_hal_gpio.o
    0x08000bd6   0x08000bd6   0x00000002   PAD
    0x08000bd8   0x08000bd8   0x0000000c   Code   RO          623    .text.HAL_GetTick   stm32f4xx_hal.o
    0x08000be4   0x08000be4   0x00000164   Code   RO          177    .text.HAL_I2C_Init  stm32f4xx_hal_i2c.o
    0x08000d48   0x08000d48   0x0000015c   Code   RO          221    .text.HAL_I2C_Mem_Write  stm32f4xx_hal_i2c.o
    0x08000ea4   0x08000ea4   0x000000d2   Code   RO           38    .text.HAL_I2C_MspInit  i2c.o
    0x08000f76   0x08000f76   0x00000002   PAD
    0x08000f78   0x08000f78   0x0000001a   Code   RO          621    .text.HAL_IncTick   stm32f4xx_hal.o
    0x08000f92   0x08000f92   0x00000002   PAD
    0x08000f94   0x08000f94   0x00000036   Code   RO          611    .text.HAL_Init      stm32f4xx_hal.o
    0x08000fca   0x08000fca   0x00000002   PAD
    0x08000fcc   0x08000fcc   0x00000048   Code   RO          613    .text.HAL_InitTick  stm32f4xx_hal.o
    0x08001014   0x08001014   0x00000038   Code   RO          169    .text.HAL_MspInit   stm32f4xx_hal_msp.o
    0x0800104c   0x0800104c   0x00000022   Code   RO          563    .text.HAL_NVIC_EnableIRQ  stm32f4xx_hal_cortex.o
    0x0800106e   0x0800106e   0x00000002   PAD
    0x08001070   0x08001070   0x00000056   Code   RO          561    .text.HAL_NVIC_SetPriority  stm32f4xx_hal_cortex.o
    0x080010c6   0x080010c6   0x00000002   PAD
    0x080010c8   0x080010c8   0x00000020   Code   RO          559    .text.HAL_NVIC_SetPriorityGrouping  stm32f4xx_hal_cortex.o
    0x080010e8   0x080010e8   0x0000014a   Code   RO          352    .text.HAL_RCCEx_PeriphCLKConfig  stm32f4xx_hal_rcc_ex.o
    0x08001232   0x08001232   0x00000002   PAD
    0x08001234   0x08001234   0x00000164   Code   RO          320    .text.HAL_RCC_ClockConfig  stm32f4xx_hal_rcc.o
    0x08001398   0x08001398   0x00000026   Code   RO          332    .text.HAL_RCC_GetPCLK1Freq  stm32f4xx_hal_rcc.o
    0x080013be   0x080013be   0x00000002   PAD
    0x080013c0   0x080013c0   0x00000026   Code   RO          334    .text.HAL_RCC_GetPCLK2Freq  stm32f4xx_hal_rcc.o
    0x080013e6   0x080013e6   0x00000002   PAD
    0x080013e8   0x080013e8   0x0000006e   Code   RO          322    .text.HAL_RCC_GetSysClockFreq  stm32f4xx_hal_rcc.o
    0x08001456   0x08001456   0x00000002   PAD
    0x08001458   0x08001458   0x000003ac   Code   RO          318    .text.HAL_RCC_OscConfig  stm32f4xx_hal_rcc.o
    0x08001804   0x08001804   0x000000aa   Code   RO          789    .text.HAL_RTCEx_SetWakeUpTimer  stm32f4xx_hal_rtc_ex.o
    0x080018ae   0x080018ae   0x00000002   PAD
    0x080018b0   0x080018b0   0x000000fc   Code   RO          701    .text.HAL_RTC_Init  stm32f4xx_hal_rtc.o
    0x080019ac   0x080019ac   0x00000044   Code   RO           54    .text.HAL_RTC_MspInit  rtc.o
    0x080019f0   0x080019f0   0x00000164   Code   RO          721    .text.HAL_RTC_SetDate  stm32f4xx_hal_rtc.o
    0x08001b54   0x08001b54   0x000001a8   Code   RO          713    .text.HAL_RTC_SetTime  stm32f4xx_hal_rtc.o
    0x08001cfc   0x08001cfc   0x000000b0   Code   RO          839    .text.HAL_SPI_Init  stm32f4xx_hal_spi.o
    0x08001dac   0x08001dac   0x000000ae   Code   RO           69    .text.HAL_SPI_MspInit  spi.o
    0x08001e5a   0x08001e5a   0x00000002   PAD
    0x08001e5c   0x08001e5c   0x0000002c   Code   RO          571    .text.HAL_SYSTICK_Config  stm32f4xx_hal_cortex.o
    0x08001e88   0x08001e88   0x00000002   Code   RO         1258    .text.HAL_TIMEx_BreakCallback  stm32f4xx_hal_tim_ex.o
    0x08001e8a   0x08001e8a   0x00000002   PAD
    0x08001e8c   0x08001e8c   0x00000002   Code   RO         1254    .text.HAL_TIMEx_CommutCallback  stm32f4xx_hal_tim_ex.o
    0x08001e8e   0x08001e8e   0x00000002   PAD
    0x08001e90   0x08001e90   0x0000004c   Code   RO         1250    .text.HAL_TIMEx_ConfigBreakDeadTime  stm32f4xx_hal_tim_ex.o
    0x08001edc   0x08001edc   0x000000ba   Code   RO         1248    .text.HAL_TIMEx_MasterConfigSynchronization  stm32f4xx_hal_tim_ex.o
    0x08001f96   0x08001f96   0x00000002   PAD
    0x08001f98   0x08001f98   0x0000005a   Code   RO          953    .text.HAL_TIM_Base_Init  stm32f4xx_hal_tim.o
    0x08001ff2   0x08001ff2   0x00000002   PAD
    0x08001ff4   0x08001ff4   0x000000aa   Code   RO           94    .text.HAL_TIM_Base_MspInit  tim.o
    0x0800209e   0x0800209e   0x00000002   PAD
    0x080020a0   0x080020a0   0x000000aa   Code   RO          967    .text.HAL_TIM_Base_Start_IT  stm32f4xx_hal_tim.o
    0x0800214a   0x0800214a   0x00000002   PAD
    0x0800214c   0x0800214c   0x000001a0   Code   RO         1133    .text.HAL_TIM_ConfigClockSource  stm32f4xx_hal_tim.o
    0x080022ec   0x080022ec   0x000000b2   Code   RO         1067    .text.HAL_TIM_Encoder_Init  stm32f4xx_hal_tim.o
    0x0800239e   0x0800239e   0x00000002   PAD
    0x080023a0   0x080023a0   0x000000be   Code   RO           96    .text.HAL_TIM_Encoder_MspInit  tim.o
    0x0800245e   0x0800245e   0x00000002   PAD
    0x08002460   0x08002460   0x000000bc   Code   RO         1075    .text.HAL_TIM_Encoder_Start  stm32f4xx_hal_tim.o
    0x0800251c   0x0800251c   0x00000002   Code   RO         1089    .text.HAL_TIM_IC_CaptureCallback  stm32f4xx_hal_tim.o
    0x0800251e   0x0800251e   0x00000002   PAD
    0x08002520   0x08002520   0x0000014e   Code   RO         1087    .text.HAL_TIM_IRQHandler  stm32f4xx_hal_tim.o
    0x0800266e   0x0800266e   0x00000002   PAD
    0x08002670   0x08002670   0x00000002   Code   RO         1091    .text.HAL_TIM_OC_DelayElapsedCallback  stm32f4xx_hal_tim.o
    0x08002672   0x08002672   0x00000002   PAD
    0x08002674   0x08002674   0x00000220   Code   RO         1107    .text.HAL_TIM_PWM_ConfigChannel  stm32f4xx_hal_tim.o
    0x08002894   0x08002894   0x0000005a   Code   RO         1007    .text.HAL_TIM_PWM_Init  stm32f4xx_hal_tim.o
    0x080028ee   0x080028ee   0x00000002   PAD
    0x080028f0   0x080028f0   0x00000002   Code   RO         1009    .text.HAL_TIM_PWM_MspInit  stm32f4xx_hal_tim.o
    0x080028f2   0x080028f2   0x00000002   PAD
    0x080028f4   0x080028f4   0x00000002   Code   RO         1093    .text.HAL_TIM_PWM_PulseFinishedCallback  stm32f4xx_hal_tim.o
    0x080028f6   0x080028f6   0x00000002   PAD
    0x080028f8   0x080028f8   0x0000010e   Code   RO         1015    .text.HAL_TIM_PWM_Start  stm32f4xx_hal_tim.o
    0x08002a06   0x08002a06   0x00000002   PAD
    0x08002a08   0x08002a08   0x00000128   Code   RO         1467    .text.HAL_TIM_PeriodElapsedCallback  bsp_encode.o
    0x08002b30   0x08002b30   0x00000002   Code   RO         1097    .text.HAL_TIM_TriggerCallback  stm32f4xx_hal_tim.o
    0x08002b32   0x08002b32   0x00000002   PAD
    0x08002b34   0x08002b34   0x00000002   Code   RO         1358    .text.HAL_UARTEx_RxEventCallback  stm32f4xx_hal_uart.o
    0x08002b36   0x08002b36   0x00000002   PAD
    0x08002b38   0x08002b38   0x00000002   Code   RO         1356    .text.HAL_UART_ErrorCallback  stm32f4xx_hal_uart.o
    0x08002b3a   0x08002b3a   0x00000002   PAD
    0x08002b3c   0x08002b3c   0x00000570   Code   RO         1350    .text.HAL_UART_IRQHandler  stm32f4xx_hal_uart.o
    0x080030ac   0x080030ac   0x00000060   Code   RO         1272    .text.HAL_UART_Init  stm32f4xx_hal_uart.o
    0x0800310c   0x0800310c   0x0000017a   Code   RO          121    .text.HAL_UART_MspInit  usart.o
    0x08003286   0x08003286   0x00000002   PAD
    0x08003288   0x08003288   0x00000054   Code   RO         1294    .text.HAL_UART_Receive_IT  stm32f4xx_hal_uart.o
    0x080032dc   0x080032dc   0x00000110   Code   RO         1673    .text.HAL_UART_RxCpltCallback  task.o
    0x080033ec   0x080033ec   0x00000002   Code   RO         1360    .text.HAL_UART_TxCpltCallback  stm32f4xx_hal_uart.o
    0x080033ee   0x080033ee   0x00000002   PAD
    0x080033f0   0x080033f0   0x00000002   Code   RO          138    .text.HardFault_Handler  stm32f4xx_it.o
    0x080033f2   0x080033f2   0x00000002   PAD
    0x080033f4   0x080033f4   0x000000c8   Code   RO          223    .text.I2C_RequestMemoryWrite  stm32f4xx_hal_i2c.o
    0x080034bc   0x080034bc   0x000000ba   Code   RO          191    .text.I2C_WaitOnBTFFlagUntilTimeout  stm32f4xx_hal_i2c.o
    0x08003576   0x08003576   0x00000002   PAD
    0x08003578   0x08003578   0x000001ca   Code   RO          187    .text.I2C_WaitOnFlagUntilTimeout  stm32f4xx_hal_i2c.o
    0x08003742   0x08003742   0x00000002   PAD
    0x08003744   0x08003744   0x000000d6   Code   RO          305    .text.I2C_WaitOnMasterAddressFlagUntilTimeout  stm32f4xx_hal_i2c.o
    0x0800381a   0x0800381a   0x00000002   PAD
    0x0800381c   0x0800381c   0x000000ba   Code   RO          189    .text.I2C_WaitOnTXEFlagUntilTimeout  stm32f4xx_hal_i2c.o
    0x080038d6   0x080038d6   0x00000002   PAD
    0x080038d8   0x080038d8   0x000000b8   Code   RO         1657    .text.Init          task.o
    0x08003990   0x08003990   0x0000010c   Code   RO         1661    .text.Loop          task.o
    0x08003a9c   0x08003a9c   0x0000012e   Code   RO           25    .text.MX_GPIO_Init  gpio.o
    0x08003bca   0x08003bca   0x00000002   PAD
    0x08003bcc   0x08003bcc   0x00000042   Code   RO           34    .text.MX_I2C1_Init  i2c.o
    0x08003c0e   0x08003c0e   0x00000002   PAD
    0x08003c10   0x08003c10   0x00000042   Code   RO           36    .text.MX_I2C2_Init  i2c.o
    0x08003c52   0x08003c52   0x00000002   PAD
    0x08003c54   0x08003c54   0x0000009e   Code   RO           52    .text.MX_RTC_Init   rtc.o
    0x08003cf2   0x08003cf2   0x00000002   PAD
    0x08003cf4   0x08003cf4   0x00000046   Code   RO           67    .text.MX_SPI2_Init  spi.o
    0x08003d3a   0x08003d3a   0x00000002   PAD
    0x08003d3c   0x08003d3c   0x0000005e   Code   RO           92    .text.MX_TIM12_Init  tim.o
    0x08003d9a   0x08003d9a   0x00000002   PAD
    0x08003d9c   0x08003d9c   0x000001c6   Code   RO           82    .text.MX_TIM1_Init  tim.o
    0x08003f62   0x08003f62   0x00000002   PAD
    0x08003f64   0x08003f64   0x00000068   Code   RO           86    .text.MX_TIM3_Init  tim.o
    0x08003fcc   0x08003fcc   0x00000068   Code   RO           88    .text.MX_TIM4_Init  tim.o
    0x08004034   0x08004034   0x0000013c   Code   RO           90    .text.MX_TIM9_Init  tim.o
    0x08004170   0x08004170   0x0000003c   Code   RO          115    .text.MX_UART5_Init  usart.o
    0x080041ac   0x080041ac   0x0000003c   Code   RO          117    .text.MX_USART1_UART_Init  usart.o
    0x080041e8   0x080041e8   0x0000003c   Code   RO          119    .text.MX_USART3_UART_Init  usart.o
    0x08004224   0x08004224   0x00000002   Code   RO          140    .text.MemManage_Handler  stm32f4xx_it.o
    0x08004226   0x08004226   0x00000002   PAD
    0x08004228   0x08004228   0x00000002   Code   RO          136    .text.NMI_Handler   stm32f4xx_it.o
    0x0800422a   0x0800422a   0x00000002   PAD
    0x0800422c   0x0800422c   0x000000ac   Code   RO         1485    .text.OLED_Clear    oled.o
    0x080042d8   0x080042d8   0x00000282   Code   RO         1477    .text.OLED_Init     oled.o
    0x0800455a   0x0800455a   0x00000002   PAD
    0x0800455c   0x0800455c   0x0000066e   Code   RO         1495    .text.OLED_ShowChar  oled.o
    0x08004bca   0x08004bca   0x00000002   PAD
    0x08004bcc   0x08004bcc   0x000000ac   Code   RO         1497    .text.OLED_ShowString  oled.o
    0x08004c78   0x08004c78   0x0000000e   Code   RO         1433    .text.PID_Init_params  encode_motor.o
    0x08004c86   0x08004c86   0x00000002   PAD
    0x08004c88   0x08004c88   0x00000002   Code   RO          150    .text.PendSV_Handler  stm32f4xx_it.o
    0x08004c8a   0x08004c8a   0x00000002   PAD
    0x08004c8c   0x08004c8c   0x00000092   Code   RO         1437    .text.Position_PID_Calculate  encode_motor.o
    0x08004d1e   0x08004d1e   0x00000002   PAD
    0x08004d20   0x08004d20   0x00000002   Code   RO          146    .text.SVC_Handler   stm32f4xx_it.o
    0x08004d22   0x08004d22   0x00000002   PAD
    0x08004d24   0x08004d24   0x0000000e   Code   RO          152    .text.SysTick_Handler  stm32f4xx_it.o
    0x08004d32   0x08004d32   0x00000002   PAD
    0x08004d34   0x08004d34   0x000000ac   Code   RO           13    .text.SystemClock_Config  main.o
    0x08004de0   0x08004de0   0x00000012   Code   RO         1394    .text.SystemInit    system_stm32f4xx.o
    0x08004df2   0x08004df2   0x00000002   PAD
    0x08004df4   0x08004df4   0x0000000c   Code   RO          158    .text.TIM8_BRK_TIM12_IRQHandler  stm32f4xx_it.o
    0x08004e00   0x08004e00   0x00000144   Code   RO          957    .text.TIM_Base_SetConfig  stm32f4xx_hal_tim.o
    0x08004f44   0x08004f44   0x0000000c   Code   RO          160    .text.UART5_IRQHandler  stm32f4xx_it.o
    0x08004f50   0x08004f50   0x0000000c   Code   RO         1354    .text.UART_DMAAbortOnError  stm32f4xx_hal_uart.o
    0x08004f5c   0x08004f5c   0x000000fe   Code   RO         1352    .text.UART_Receive_IT  stm32f4xx_hal_uart.o
    0x0800505a   0x0800505a   0x00000002   PAD
    0x0800505c   0x0800505c   0x000000e6   Code   RO         1276    .text.UART_SetConfig  stm32f4xx_hal_uart.o
    0x08005142   0x08005142   0x00000002   PAD
    0x08005144   0x08005144   0x0000000c   Code   RO          154    .text.USART1_IRQHandler  stm32f4xx_it.o
    0x08005150   0x08005150   0x0000000c   Code   RO          156    .text.USART3_IRQHandler  stm32f4xx_it.o
    0x0800515c   0x0800515c   0x00000002   Code   RO          144    .text.UsageFault_Handler  stm32f4xx_it.o
    0x0800515e   0x0800515e   0x00000002   PAD
    0x08005160   0x08005160   0x0000020c   Code   RO         1703    .text.app_pid_run   app_pid.o
    0x0800536c   0x0800536c   0x00000022   Code   RO         1461    .text.bsp_encode_init  bsp_encode.o
    0x0800538e   0x0800538e   0x00000002   PAD
    0x08005390   0x08005390   0x0000002e   Code   RO         1451    .text.bsp_motor_init  bsp_motor.o
    0x080053be   0x080053be   0x00000002   PAD
    0x080053c0   0x080053c0   0x0000005e   Code   RO         1749    .text.car_go_2      app_car_control.o
    0x0800541e   0x0800541e   0x00000002   PAD
    0x08005420   0x08005420   0x00000076   Code   RO         1751    .text.car_go_4      app_car_control.o
    0x08005496   0x08005496   0x00000002   PAD
    0x08005498   0x08005498   0x0000007a   Code   RO         1753    .text.car_go_6      app_car_control.o
    0x08005512   0x08005512   0x00000002   PAD
    0x08005514   0x08005514   0x000000e8   Code   RO         1737    .text.car_go_until_crossing  app_car_control.o
    0x080055fc   0x080055fc   0x0000012c   Code   RO         1741    .text.car_go_until_crossing_2  app_car_control.o
    0x08005728   0x08005728   0x00000104   Code   RO         1743    .text.car_go_until_crossing_2_stop  app_car_control.o
    0x0800582c   0x0800582c   0x000000c4   Code   RO         1739    .text.car_go_until_stop_postition  app_car_control.o
    0x080058f0   0x080058f0   0x000000a4   Code   RO         1745    .text.car_position_turn  app_car_control.o
    0x08005994   0x08005994   0x0000000e   Code   RO         1669    .text.enable_k210_flag  task.o
    0x080059a2   0x080059a2   0x00000002   PAD
    0x080059a4   0x080059a4   0x0000000e   Code   RO         1769    .text.enable_key    app_beep_led_key.o
    0x080059b2   0x080059b2   0x00000002   PAD
    0x080059b4   0x080059b4   0x0000000e   Code   RO         1709    .text.enable_position_pid  app_pid.o
    0x080059c2   0x080059c2   0x00000002   PAD
    0x080059c4   0x080059c4   0x0000000e   Code   RO         1705    .text.enable_track_pid  app_pid.o
    0x080059d2   0x080059d2   0x00000002   PAD
    0x080059d4   0x080059d4   0x00000016   Code   RO         1767    .text.led_state     app_beep_led_key.o
    0x080059ea   0x080059ea   0x00000002   PAD
    0x080059ec   0x080059ec   0x00000046   Code   RO           11    .text.main          main.o
    0x08005a32   0x08005a32   0x00000002   PAD
    0x08005a34   0x08005a34   0x0000003e   Code   RO         1447    .text.motor1_pwm_value_set  bsp_motor.o
    0x08005a72   0x08005a72   0x00000002   PAD
    0x08005a74   0x08005a74   0x0000003e   Code   RO         1449    .text.motor2_pwm_value_set  bsp_motor.o
    0x08005ab2   0x08005ab2   0x00000002   PAD
    0x08005ab4   0x08005ab4   0x0000000e   Code   RO         1701    .text.set_track_speed  app_pid.o
    0x08005ac2   0x08005ac2   0x00000002   PAD
    0x08005ac4   0x08005ac4   0x00000026   Code   RO         1559    .text.soft_timer_is_timeout  soft_timer.o
    0x08005aea   0x08005aea   0x00000002   PAD
    0x08005aec   0x08005aec   0x0000002c   Code   RO         1555    .text.soft_timer_repeat_init  soft_timer.o
    0x08005b18   0x08005b18   0x00000130   Code   RO         1563    .text.soft_timer_tick  soft_timer.o
    0x08005c48   0x08005c48   0x0000000e   Code   RO         1671    .text.unenable_k210_flag  task.o
    0x08005c56   0x08005c56   0x00000002   PAD
    0x08005c58   0x08005c58   0x0000000e   Code   RO         1771    .text.unenable_key  app_beep_led_key.o
    0x08005c66   0x08005c66   0x00000002   PAD
    0x08005c68   0x08005c68   0x0000000e   Code   RO         1711    .text.unenable_position_pid  app_pid.o
    0x08005c76   0x08005c76   0x00000002   PAD
    0x08005c78   0x08005c78   0x0000000e   Code   RO         1707    .text.unenable_track_pid  app_pid.o
    0x08005c86   0x08005c86   0x0000000e   Code   RO         1890    i.__scatterload_copy  mc_w.l(handlers.o)
    0x08005c94   0x08005c94   0x00000002   Code   RO         1891    i.__scatterload_null  mc_w.l(handlers.o)
    0x08005c96   0x08005c96   0x0000000e   Code   RO         1892    i.__scatterload_zeroinit  mc_w.l(handlers.o)
    0x08005ca4   0x08005ca4   0x00000010   Data   RO         1399    .rodata.AHBPrescTable  system_stm32f4xx.o
    0x08005cb4   0x08005cb4   0x00000008   Data   RO         1400    .rodata.APBPrescTable  system_stm32f4xx.o
    0x08005cbc   0x08005cbc   0x00000228   Data   RO         1526    .rodata.F6x8        oledfont.o
    0x08005ee4   0x08005ee4   0x000005e0   Data   RO         1527    .rodata.F8X16       oledfont.o
    0x080064c4   0x080064c4   0x00000016   Data   RO         1689    .rodata.str1.1      task.o
    0x080064da   0x080064da   0x00000002   PAD
    0x080064dc   0x080064dc   0x00000020   Data   RO         1889    Region$$Table       anon$$obj.o


    Execution Region RW_IRAM1 (Exec base: 0x20000000, Load base: 0x08006500, Size: 0x00000a20, Max: 0x0001c000, ABSOLUTE)

    Exec Addr    Load Addr    Size         Type   Attr      Idx    E Section Name        Object

    0x20000000   0x08006500   0x00000008   Data   RW          666    .data..L_MergedGlobals  stm32f4xx_hal.o
    0x20000008   0x08006508   0x00000017   Data   RW         1517    .data.CMD_Data      oled.o
    0x2000001f   0x0800651f   0x00000001   PAD
    0x20000020   0x08006520   0x00000004   Data   RW         1398    .data.SystemCoreClock  system_stm32f4xx.o
    0x20000024   0x08006524   0x00000002   Data   RW         1687    .data.data1         task.o
    0x20000026   0x08006526   0x00000002   PAD
    0x20000028        -       0x0000002c   Zero   RW         1692    .bss..L_MergedGlobals  task.o
    0x20000054        -       0x0000005c   Zero   RW         1726    .bss..L_MergedGlobals  app_pid.o
    0x200000b0        -       0x0000001c   Zero   RW         1758    .bss..L_MergedGlobals  app_car_control.o
    0x200000cc        -       0x00000044   Zero   RW         1775    .bss..L_MergedGlobals  app_beep_led_key.o
    0x20000110        -       0x00000058   Zero   RW         1727    .bss..L_MergedGlobals.1  app_pid.o
    0x20000168        -       0x00000058   Zero   RW         1728    .bss..L_MergedGlobals.2  app_pid.o
    0x200001c0        -       0x00000074   Zero   RW         1688    .bss.ahrs           task.o
    0x20000234        -       0x00000001   Zero   RW         1724    .bss.car_find_red_line_enable_flag  app_pid.o
    0x20000235   0x08006526   0x00000001   PAD
    0x20000236        -       0x00000002   Zero   RW         1755    .bss.car_go_2.state  app_car_control.o
    0x20000238        -       0x00000002   Zero   RW         1756    .bss.car_go_4.state  app_car_control.o
    0x2000023a        -       0x00000002   Zero   RW         1757    .bss.car_go_6.state  app_car_control.o
    0x2000023c        -       0x00000001   Zero   RW         1723    .bss.car_position_pid_enable_flag  app_pid.o
    0x2000023d   0x08006526   0x00000003   PAD
    0x20000240        -       0x00000054   Zero   RW           42    .bss.hi2c1          i2c.o
    0x20000294        -       0x00000054   Zero   RW           43    .bss.hi2c2          i2c.o
    0x200002e8        -       0x00000020   Zero   RW           58    .bss.hrtc           rtc.o
    0x20000308        -       0x00000058   Zero   RW           73    .bss.hspi2          spi.o
    0x20000360        -       0x00000048   Zero   RW          102    .bss.htim1          tim.o
    0x200003a8        -       0x00000048   Zero   RW          106    .bss.htim12         tim.o
    0x200003f0        -       0x00000048   Zero   RW          103    .bss.htim3          tim.o
    0x20000438        -       0x00000048   Zero   RW          104    .bss.htim4          tim.o
    0x20000480        -       0x00000048   Zero   RW          105    .bss.htim9          tim.o
    0x200004c8        -       0x00000048   Zero   RW          126    .bss.huart1         usart.o
    0x20000510        -       0x00000048   Zero   RW          127    .bss.huart3         usart.o
    0x20000558        -       0x00000048   Zero   RW          125    .bss.huart5         usart.o
    0x200005a0        -       0x00000078   Zero   RW         1565    .bss.timers         soft_timer.o
    0x20000618        -       0x00000004   Zero   RW          665    .bss.uwTick         stm32f4xx_hal.o
    0x2000061c   0x08006526   0x00000004   PAD
    0x20000620        -       0x00000400   Zero   RW            1    STACK               startup_stm32f407xx.o


    Execution Region RW_IRAM2 (Exec base: 0x2001c000, Load base: 0x08006528, Size: 0x00000000, Max: 0x00004000, ABSOLUTE)

    **** No section assigned to this execution region ****


==============================================================================

Image component sizes


      Code (inc. data)   RO Data    RW Data    ZI Data      Debug   Object Name

       452          0          0          0         68       2809   app_beep_led_key.o
      1652         86          0          0         34       4250   app_car_control.o
       594         32          0          0        270       3312   app_pid.o
       330         16          0          0          0       4781   bsp_encode.o
       170          0          0          0          0       4354   bsp_motor.o
       160          0          0          0          0       1664   encode_motor.o
       102          0          0          0          0      22121   fusionahrs.o
       302          0          0          0          0       2372   gpio.o
       342          0          0          0        168       5529   i2c.o
       248          0          0          0          0       3000   main.o
      2632          0          0         23          0      21900   oled.o
         0          0       2056          0          0        568   oledfont.o
       226          0          0          0         32       3743   rtc.o
       386          0          0          0        120       3241   soft_timer.o
       244          0          0          0         88       5198   spi.o
        36          8        392          0       1024        864   startup_stm32f407xx.o
       204          0          0          8          4       7362   stm32f4xx_hal.o
       196          0          0          0          0      10780   stm32f4xx_hal_cortex.o
       178          0          0          0          0      10628   stm32f4xx_hal_dma.o
       434          0          0          0          0       5490   stm32f4xx_hal_gpio.o
      1948          0          0          0          0      44651   stm32f4xx_hal_i2c.o
        56          0          0          0          0       1510   stm32f4xx_hal_msp.o
      1482          4          0          0          0       7605   stm32f4xx_hal_rcc.o
       330          0          0          0          0       4600   stm32f4xx_hal_rcc_ex.o
      1032          0          0          0          0      17337   stm32f4xx_hal_rtc.o
       170          0          0          0          0      14378   stm32f4xx_hal_rtc_ex.o
       176          0          0          0          0      25996   stm32f4xx_hal_spi.o
      2614          6          0          0          0      58451   stm32f4xx_hal_tim.o
       266          0          0          0          0      21988   stm32f4xx_hal_tim_ex.o
      2074          0          0          0          0      32733   stm32f4xx_hal_uart.o
        78          0          0          0          0       6036   stm32f4xx_it.o
        18          0         24          4          0       2771   system_stm32f4xx.o
       752         16         22          2        160      14878   task.o
      1432          0          0          0        360      13067   tim.o
       558          0          0          0        216       7613   usart.o

    ----------------------------------------------------------------------
     22042        168       2528         40       2552     397580   Object Totals
         0          0         32          0          0          0   (incl. Generated)
       168          0          2          3          8          0   (incl. Padding)

    ----------------------------------------------------------------------

      Code (inc. data)   RO Data    RW Data    ZI Data      Debug   Library Member Name

         0          0          0          0          0          0   entry.o
         0          0          0          0          0          0   entry10a.o
         0          0          0          0          0          0   entry11a.o
         8          4          0          0          0          0   entry2.o
         4          0          0          0          0          0   entry5.o
         0          0          0          0          0          0   entry7b.o
         0          0          0          0          0          0   entry8b.o
         8          4          0          0          0          0   entry9a.o
        30          0          0          0          0          0   handlers.o
        48         10          0          0          0         68   init.o
         0          0          0          0          0          0   iusefp.o
        30          0          0          0          0         68   llshl.o
        36          0          0          0          0         68   llsshr.o
        32          0          0          0          0         68   llushr.o
        36          0          0          0          0        108   memseta.o
        98          0          0          0          0         92   uldiv.o
        56          0          0          0          0         88   d2f.o
       334          0          0          0          0        148   dadd.o
       186          0          0          0          0        176   depilogue.o
       228          0          0          0          0         96   dmul.o
        38          0          0          0          0         68   f2d.o
       110          0          0          0          0        168   fepilogue.o

    ----------------------------------------------------------------------
      1282         18          0          0          0       1216   Library Totals
         0          0          0          0          0          0   (incl. Padding)

    ----------------------------------------------------------------------

      Code (inc. data)   RO Data    RW Data    ZI Data      Debug   Library Name

       330         18          0          0          0        472   mc_w.l
       952          0          0          0          0        744   mf_w.l

    ----------------------------------------------------------------------
      1282         18          0          0          0       1216   Library Totals

    ----------------------------------------------------------------------

==============================================================================


      Code (inc. data)   RO Data    RW Data    ZI Data      Debug   

     23324        186       2528         40       2552     397892   Grand Totals
     23324        186       2528         40       2552     397892   ELF Image Totals
     23324        186       2528         40          0          0   ROM Totals

==============================================================================

    Total RO  Size (Code + RO Data)                25852 (  25.25kB)
    Total RW  Size (RW Data + ZI Data)              2592 (   2.53kB)
    Total ROM Size (Code + RO Data + RW Data)      25892 (  25.29kB)

==============================================================================

